Component: ARM Compiler 5.06 update 6 (build 750) Tool: armlink [4d35ed]

==============================================================================

Section Cross References

    startup_stm32g431xx.o(STACK) refers (Special) to heapauxi.o(.text) for __use_two_region_memory
    startup_stm32g431xx.o(HEAP) refers (Special) to heapauxi.o(.text) for __use_two_region_memory
    startup_stm32g431xx.o(RESET) refers (Special) to heapauxi.o(.text) for __use_two_region_memory
    startup_stm32g431xx.o(RESET) refers to startup_stm32g431xx.o(STACK) for __initial_sp
    startup_stm32g431xx.o(RESET) refers to startup_stm32g431xx.o(.text) for Reset_Handler
    startup_stm32g431xx.o(RESET) refers to stm32g4xx_it.o(i.NMI_Handler) for NMI_Handler
    startup_stm32g431xx.o(RESET) refers to stm32g4xx_it.o(i.HardFault_Handler) for HardFault_Handler
    startup_stm32g431xx.o(RESET) refers to stm32g4xx_it.o(i.MemManage_Handler) for MemManage_Handler
    startup_stm32g431xx.o(RESET) refers to stm32g4xx_it.o(i.BusFault_Handler) for BusFault_Handler
    startup_stm32g431xx.o(RESET) refers to stm32g4xx_it.o(i.UsageFault_Handler) for UsageFault_Handler
    startup_stm32g431xx.o(RESET) refers to stm32g4xx_it.o(i.SVC_Handler) for SVC_Handler
    startup_stm32g431xx.o(RESET) refers to stm32g4xx_it.o(i.DebugMon_Handler) for DebugMon_Handler
    startup_stm32g431xx.o(RESET) refers to stm32g4xx_it.o(i.PendSV_Handler) for PendSV_Handler
    startup_stm32g431xx.o(RESET) refers to stm32g4xx_it.o(i.SysTick_Handler) for SysTick_Handler
    startup_stm32g431xx.o(.text) refers (Special) to heapauxi.o(.text) for __use_two_region_memory
    startup_stm32g431xx.o(.text) refers to system_stm32g4xx.o(i.SystemInit) for SystemInit
    startup_stm32g431xx.o(.text) refers to __main.o(!!!main) for __main
    startup_stm32g431xx.o(.text) refers to startup_stm32g431xx.o(HEAP) for Heap_Mem
    startup_stm32g431xx.o(.text) refers to startup_stm32g431xx.o(STACK) for Stack_Mem
    main.o(i.SystemClock_Config) refers to rt_memclr_w.o(.text) for __aeabi_memclr4
    main.o(i.SystemClock_Config) refers to stm32g4xx_hal_pwr_ex.o(i.HAL_PWREx_ControlVoltageScaling) for HAL_PWREx_ControlVoltageScaling
    main.o(i.SystemClock_Config) refers to stm32g4xx_hal_rcc.o(i.HAL_RCC_OscConfig) for HAL_RCC_OscConfig
    main.o(i.SystemClock_Config) refers to main.o(i.Error_Handler) for Error_Handler
    main.o(i.SystemClock_Config) refers to stm32g4xx_hal_rcc.o(i.HAL_RCC_ClockConfig) for HAL_RCC_ClockConfig
    main.o(i.main) refers to stm32g4xx_hal.o(i.HAL_Init) for HAL_Init
    main.o(i.main) refers to main.o(i.SystemClock_Config) for SystemClock_Config
    main.o(i.main) refers to gpio.o(i.MX_GPIO_Init) for MX_GPIO_Init
    main.o(i.main) refers to dma.o(i.MX_DMA_Init) for MX_DMA_Init
    main.o(i.main) refers to adc.o(i.MX_ADC1_Init) for MX_ADC1_Init
    main.o(i.main) refers to adc.o(i.MX_ADC2_Init) for MX_ADC2_Init
    main.o(i.main) refers to lcd.o(i.LCD_Init) for LCD_Init
    main.o(i.main) refers to stm32g4xx_hal_adc.o(i.HAL_ADC_Start_DMA) for HAL_ADC_Start_DMA
    main.o(i.main) refers to stm32g4xx_hal_adc_ex.o(i.HAL_ADCEx_Calibration_Start) for HAL_ADCEx_Calibration_Start
    main.o(i.main) refers to lcd.o(i.LCD_Clear) for LCD_Clear
    main.o(i.main) refers to lcd.o(i.LCD_SetBackColor) for LCD_SetBackColor
    main.o(i.main) refers to lcd.o(i.LCD_SetTextColor) for LCD_SetTextColor
    main.o(i.main) refers to user.o(i.adc_lcd) for adc_lcd
    main.o(i.main) refers to user.o(.bss) for adc2value
    main.o(i.main) refers to adc.o(.bss) for hadc2
    adc.o(i.HAL_ADC_MspDeInit) refers to stm32g4xx_hal_gpio.o(i.HAL_GPIO_DeInit) for HAL_GPIO_DeInit
    adc.o(i.HAL_ADC_MspDeInit) refers to stm32g4xx_hal_dma.o(i.HAL_DMA_DeInit) for HAL_DMA_DeInit
    adc.o(i.HAL_ADC_MspDeInit) refers to adc.o(.data) for HAL_RCC_ADC12_CLK_ENABLED
    adc.o(i.HAL_ADC_MspInit) refers to rt_memclr_w.o(.text) for __aeabi_memclr4
    adc.o(i.HAL_ADC_MspInit) refers to stm32g4xx_hal_rcc_ex.o(i.HAL_RCCEx_PeriphCLKConfig) for HAL_RCCEx_PeriphCLKConfig
    adc.o(i.HAL_ADC_MspInit) refers to main.o(i.Error_Handler) for Error_Handler
    adc.o(i.HAL_ADC_MspInit) refers to stm32g4xx_hal_gpio.o(i.HAL_GPIO_Init) for HAL_GPIO_Init
    adc.o(i.HAL_ADC_MspInit) refers to stm32g4xx_hal_dma.o(i.HAL_DMA_Init) for HAL_DMA_Init
    adc.o(i.HAL_ADC_MspInit) refers to adc.o(.data) for HAL_RCC_ADC12_CLK_ENABLED
    adc.o(i.HAL_ADC_MspInit) refers to adc.o(.bss) for hdma_adc1
    adc.o(i.MX_ADC1_Init) refers to rt_memclr_w.o(.text) for __aeabi_memclr4
    adc.o(i.MX_ADC1_Init) refers to stm32g4xx_hal_adc.o(i.HAL_ADC_Init) for HAL_ADC_Init
    adc.o(i.MX_ADC1_Init) refers to main.o(i.Error_Handler) for Error_Handler
    adc.o(i.MX_ADC1_Init) refers to stm32g4xx_hal_adc_ex.o(i.HAL_ADCEx_MultiModeConfigChannel) for HAL_ADCEx_MultiModeConfigChannel
    adc.o(i.MX_ADC1_Init) refers to stm32g4xx_hal_adc.o(i.HAL_ADC_ConfigChannel) for HAL_ADC_ConfigChannel
    adc.o(i.MX_ADC1_Init) refers to adc.o(.bss) for hadc1
[...]
    ../clib/printf.c                         0x00000000   Number         0  __printf_flags.o ABSOLUTE
    ../clib/printf.c                         0x00000000   Number         0  __printf_flags_ss_wp.o ABSOLUTE
    ../clib/printf_percent.s                 0x00000000   Number         0  _printf_f.o ABSOLUTE
    ../clib/printf_percent.s                 0x00000000   Number         0  _printf_percent_end.o ABSOLUTE
    ../clib/printf_percent.s                 0x00000000   Number         0  _printf_percent.o ABSOLUTE
    ../clib/signal.c                         0x00000000   Number         0  defsig_pvfn_inner.o ABSOLUTE
    ../clib/signal.c                         0x00000000   Number         0  defsig_rtmem_formal.o ABSOLUTE
    ../clib/signal.c                         0x00000000   Number         0  defsig_other.o ABSOLUTE
    ../clib/signal.c                         0x00000000   Number         0  defsig_segv_inner.o ABSOLUTE
    ../clib/signal.c                         0x00000000   Number         0  defsig_cppl_inner.o ABSOLUTE
    ../clib/signal.c                         0x00000000   Number         0  defsig_stak_inner.o ABSOLUTE
    ../clib/signal.c                         0x00000000   Number         0  defsig_rtred_inner.o ABSOLUTE
    ../clib/signal.c                         0x00000000   Number         0  defsig_fpe_inner.o ABSOLUTE
    ../clib/signal.c                         0x00000000   Number         0  defsig_abrt_inner.o ABSOLUTE
    ../clib/signal.c                         0x00000000   Number         0  defsig_general.o ABSOLUTE
    ../clib/signal.c                         0x00000000   Number         0  __raise.o ABSOLUTE
    ../clib/signal.c                         0x00000000   Number         0  defsig_rtmem_inner.o ABSOLUTE
    ../clib/signal.c                         0x00000000   Number         0  defsig_rtmem_outer.o ABSOLUTE
    ../clib/signal.c                         0x00000000   Number         0  defsig_exit.o ABSOLUTE
    ../clib/signal.s                         0x00000000   Number         0  defsig.o ABSOLUTE
    ../clib/stdlib.c                         0x00000000   Number         0  exit.o ABSOLUTE
    ../fplib/ddiv.s                          0x00000000   Number         0  ddiv.o ABSOLUTE
    ../fplib/dflt.s                          0x00000000   Number         0  dflt_clz.o ABSOLUTE
    ../fplib/dmul.s                          0x00000000   Number         0  dmul.o ABSOLUTE
    ../fplib/dnaninf.s                       0x00000000   Number         0  dnaninf.o ABSOLUTE
    ../fplib/dretinf.s                       0x00000000   Number         0  dretinf.o ABSOLUTE
    ../fplib/fpinit.s                        0x00000000   Number         0  fpinit.o ABSOLUTE
    ../fplib/istatus.s                       0x00000000   Number         0  istatus.o ABSOLUTE
    ../fplib/printf1.s                       0x00000000   Number         0  printf1.o ABSOLUTE
    ../fplib/usenofp.s                       0x00000000   Number         0  usenofp.o ABSOLUTE
    ../mathlib/fpclassify.c                  0x00000000   Number         0  fpclassify.o ABSOLUTE
    ..\Core\Src\adc.c                        0x00000000   Number         0  adc.o ABSOLUTE
    ..\Core\Src\dma.c                        0x00000000   Number         0  dma.o ABSOLUTE
    ..\Core\Src\gpio.c                       0x00000000   Number         0  gpio.o ABSOLUTE
    ..\Core\Src\lcd.c                        0x00000000   Number         0  lcd.o ABSOLUTE
    ..\Core\Src\main.c                       0x00000000   Number         0  main.o ABSOLUTE
    ..\Core\Src\stm32g4xx_hal_msp.c          0x00000000   Number         0  stm32g4xx_hal_msp.o ABSOLUTE
    ..\Core\Src\stm32g4xx_it.c               0x00000000   Number         0  stm32g4xx_it.o ABSOLUTE
    ..\Core\Src\system_stm32g4xx.c           0x00000000   Number         0  system_stm32g4xx.o ABSOLUTE
    ..\Core\Src\user.c                       0x00000000   Number         0  user.o ABSOLUTE
    ..\Drivers\STM32G4xx_HAL_Driver\Src\stm32g4xx_hal.c 0x00000000   Number         0  stm32g4xx_hal.o ABSOLUTE
    ..\Drivers\STM32G4xx_HAL_Driver\Src\stm32g4xx_hal_adc.c 0x00000000   Number         0  stm32g4xx_hal_adc.o ABSOLUTE
    ..\Drivers\STM32G4xx_HAL_Driver\Src\stm32g4xx_hal_adc_ex.c 0x00000000   Number         0  stm32g4xx_hal_adc_ex.o ABSOLUTE
    ..\Drivers\STM32G4xx_HAL_Driver\Src\stm32g4xx_hal_cortex.c 0x00000000   Number         0  stm32g4xx_hal_cortex.o ABSOLUTE
    ..\Drivers\STM32G4xx_HAL_Driver\Src\stm32g4xx_hal_dma.c 0x00000000   Number         0  stm32g4xx_hal_dma.o ABSOLUTE
    ..\Drivers\STM32G4xx_HAL_Driver\Src\stm32g4xx_hal_dma_ex.c 0x00000000   Number         0  stm32g4xx_hal_dma_ex.o ABSOLUTE
    ..\Drivers\STM32G4xx_HAL_Driver\Src\stm32g4xx_hal_exti.c 0x00000000   Number         0  stm32g4xx_hal_exti.o ABSOLUTE
    ..\Drivers\STM32G4xx_HAL_Driver\Src\stm32g4xx_hal_flash.c 0x00000000   Number         0  stm32g4xx_hal_flash.o ABSOLUTE
    ..\Drivers\STM32G4xx_HAL_Driver\Src\stm32g4xx_hal_flash_ex.c 0x00000000   Number         0  stm32g4xx_hal_flash_ex.o ABSOLUTE
    ..\Drivers\STM32G4xx_HAL_Driver\Src\stm32g4xx_hal_flash_ramfunc.c 0x00000000   Number         0  stm32g4xx_hal_flash_ramfunc.o ABSOLUTE
    ..\Drivers\STM32G4xx_HAL_Driver\Src\stm32g4xx_hal_gpio.c 0x00000000   Number         0  stm32g4xx_hal_gpio.o ABSOLUTE
    ..\Drivers\STM32G4xx_HAL_Driver\Src\stm32g4xx_hal_pwr.c 0x00000000   Number         0  stm32g4xx_hal_pwr.o ABSOLUTE
    ..\Drivers\STM32G4xx_HAL_Driver\Src\stm32g4xx_hal_pwr_ex.c 0x00000000   Number         0  stm32g4xx_hal_pwr_ex.o ABSOLUTE
    ..\Drivers\STM32G4xx_HAL_Driver\Src\stm32g4xx_hal_rcc.c 0x00000000   Number         0  stm32g4xx_hal_rcc.o ABSOLUTE
    ..\Drivers\STM32G4xx_HAL_Driver\Src\stm32g4xx_hal_rcc_ex.c 0x00000000   Number         0  stm32g4xx_hal_rcc_ex.o ABSOLUTE
    ..\Drivers\STM32G4xx_HAL_Driver\Src\stm32g4xx_hal_tim.c 0x00000000   Number         0  stm32g4xx_hal_tim.o ABSOLUTE
    ..\Drivers\STM32G4xx_HAL_Driver\Src\stm32g4xx_hal_tim_ex.c 0x00000000   Number         0  stm32g4xx_hal_tim_ex.o ABSOLUTE
    ..\\Core\\Src\\lcd.c                     0x00000000   Number         0  lcd.o ABSOLUTE
    ..\\Core\\Src\\user.c                    0x00000000   Number         0  user.o ABSOLUTE
    dc.s                                     0x00000000   Number         0  dc.o ABSOLUTE
    startup_stm32g431xx.s                    0x00000000   Number         0  startup_stm32g431xx.o ABSOLUTE
    RESET                                    0x08000000   Section      472  startup_stm32g431xx.o(RESET)
    !!!main                                  0x080001d8   Section        8  __main.o(!!!main)
    !!!scatter                               0x080001e0   Section       52  __scatter.o(!!!scatter)
    !!handler_copy                           0x08000214   Section       26  __scatter_copy.o(!!handler_copy)
    !!handler_zi                             0x08000230   Section       28  __scatter_zi.o(!!handler_zi)
    .ARM.Collect$$_printf_percent$$00000000  0x0800024c   Section        0  _printf_percent.o(.ARM.Collect$$_printf_percent$$00000000)
    .ARM.Collect$$_printf_percent$$00000003  0x0800024c   Section        6  _printf_f.o(.ARM.Collect$$_printf_percent$$00000003)
    .ARM.Collect$$_printf_percent$$00000017  0x08000252   Section        4  _printf_percent_end.o(.ARM.Collect$$_printf_percent$$00000017)
    .ARM.Collect$$libinit$$00000000          0x08000256   Section        2  libinit.o(.ARM.Collect$$libinit$$00000000)
    .ARM.Collect$$libinit$$00000001          0x08000258   Section        4  libinit2.o(.ARM.Collect$$libinit$$00000001)
    .ARM.Collect$$libinit$$00000004          0x0800025c   Section        0  libinit2.o(.ARM.Collect$$libinit$$00000004)
    .ARM.Collect$$libinit$$0000000A          0x0800025c   Section        0  libinit2.o(.ARM.Collect$$libinit$$0000000A)
    .ARM.Collect$$libinit$$0000000C          0x0800025c   Section        0  libinit2.o(.ARM.Collect$$libinit$$0000000C)
    .ARM.Collect$$libinit$$0000000E          0x0800025c   Section        0  libinit2.o(.ARM.Collect$$libinit$$0000000E)
    .ARM.Collect$$libinit$$0000000F          0x0800025c   Section        6  libinit2.o(.ARM.Collect$$libinit$$0000000F)
    .ARM.Collect$$libinit$$00000011          0x08000262   Section        0  libinit2.o(.ARM.Collect$$libinit$$00000011)
    .ARM.Collect$$libinit$$00000013          0x08000262   Section        0  libinit2.o(.ARM.Collect$$libinit$$00000013)
    .ARM.Collect$$libinit$$00000015          0x08000262   Section        0  libinit2.o(.ARM.Collect$$libinit$$00000015)
    .ARM.Collect$$libinit$$00000016          0x08000262   Section       10  libinit2.o(.ARM.Collect$$libinit$$00000016)
    .ARM.Collect$$libinit$$00000017          0x0800026c   Section        0  libinit2.o(.ARM.Collect$$libinit$$00000017)
    .ARM.Collect$$libinit$$00000019          0x0800026c   Section        0  libinit2.o(.ARM.Collect$$libinit$$00000019)
    .ARM.Collect$$libinit$$0000001B          0x0800026c   Section        0  libinit2.o(.ARM.Collect$$libinit$$0000001B)
    .ARM.Collect$$libinit$$0000001D          0x0800026c   Section        0  libinit2.o(.ARM.Collect$$libinit$$0000001D)
    .ARM.Collect$$libinit$$0000001F          0x0800026c   Section        0  libinit2.o(.ARM.Collect$$libinit$$0000001F)
    .ARM.Collect$$libinit$$00000021          0x0800026c   Section        0  libinit2.o(.ARM.Collect$$libinit$$00000021)
    .ARM.Collect$$libinit$$00000023          0x0800026c   Section        0  libinit2.o(.ARM.Collect$$libinit$$00000023)
    .ARM.Collect$$libinit$$00000025          0x0800026c   Section        0  libinit2.o(.ARM.Collect$$libinit$$00000025)
    .ARM.Collect$$libinit$$0000002C          0x0800026c   Section        0  libinit2.o(.ARM.Collect$$libinit$$0000002C)
    .ARM.Collect$$libinit$$0000002E          0x0800026c   Section        0  libinit2.o(.ARM.Collect$$libinit$$0000002E)
    .ARM.Collect$$libinit$$00000030          0x0800026c   Section        0  libinit2.o(.ARM.Collect$$libinit$$00000030)
    .ARM.Collect$$libinit$$00000032          0x0800026c   Section        0  libinit2.o(.ARM.Collect$$libinit$$00000032)
    .ARM.Collect$$libinit$$00000033          0x0800026c   Section        2  libinit2.o(.ARM.Collect$$libinit$$00000033)
    .ARM.Collect$$libshutdown$$00000000      0x0800026e   Section        2  libshutdown.o(.ARM.Collect$$libshutdown$$00000000)
    .ARM.Collect$$libshutdown$$00000002      0x08000270   Section        0  libshutdown2.o(.ARM.Collect$$libshutdown$$00000002)
    .ARM.Collect$$libshutdown$$00000004      0x08000270   Section        0  libshutdown2.o(.ARM.Collect$$libshutdown$$00000004)
    .ARM.Collect$$libshutdown$$00000007      0x08000270   Section        0  libshutdown2.o(.ARM.Collect$$libshutdown$$00000007)
    .ARM.Collect$$libshutdown$$0000000A      0x08000270   Section        0  libshutdown2.o(.ARM.Collect$$libshutdown$$0000000A)
    .ARM.Collect$$libshutdown$$0000000C      0x08000270   Section        0  libshutdown2.o(.ARM.Collect$$libshutdown$$0000000C)
    .ARM.Collect$$libshutdown$$0000000F      0x08000270   Section        0  libshutdown2.o(.ARM.Collect$$libshutdown$$0000000F)
    .ARM.Collect$$libshutdown$$00000010      0x08000270   Section        2  libshutdown2.o(.ARM.Collect$$libshutdown$$00000010)
    .ARM.Collect$$rtentry$$00000000          0x08000272   Section        0  __rtentry.o(.ARM.Collect$$rtentry$$00000000)
    .ARM.Collect$$rtentry$$00000002          0x08000272   Section        0  __rtentry2.o(.ARM.Collect$$rtentry$$00000002)
    .ARM.Collect$$rtentry$$00000004          0x08000272   Section        6  __rtentry4.o(.ARM.Collect$$rtentry$$00000004)
    .ARM.Collect$$rtentry$$00000009          0x08000278   Section        0  __rtentry2.o(.ARM.Collect$$rtentry$$00000009)
    .ARM.Collect$$rtentry$$0000000A          0x08000278   Section        4  __rtentry2.o(.ARM.Collect$$rtentry$$0000000A)
    .ARM.Collect$$rtentry$$0000000C          0x0800027c   Section        0  __rtentry2.o(.ARM.Collect$$rtentry$$0000000C)
    .ARM.Collect$$rtentry$$0000000D          0x0800027c   Section        8  __rtentry2.o(.ARM.Collect$$rtentry$$0000000D)
    .ARM.Collect$$rtexit$$00000000           0x08000284   Section        2  rtexit.o(.ARM.Collect$$rtexit$$00000000)
    .ARM.Collect$$rtexit$$00000002           0x08000286   Section        0  rtexit2.o(.ARM.Collect$$rtexit$$00000002)
    .ARM.Collect$$rtexit$$00000003           0x08000286   Section        4  rtexit2.o(.ARM.Collect$$rtexit$$00000003)
    .ARM.Collect$$rtexit$$00000004           0x0800028a   Section        6  rtexit2.o(.ARM.Collect$$rtexit$$00000004)
    .text                                    0x08000290   Section       64  startup_stm32g431xx.o(.text)
    $v0                                      0x08000290   Number         0  startup_stm32g431xx.o(.text)
    .text                                    0x080002d0   Section        0  noretval__2sprintf.o(.text)
    .text                                    0x080002f8   Section        0  __printf_wp.o(.text)
    .text                                    0x08000406   Section       78  rt_memclr_w.o(.text)
    .text                                    0x08000454   Section        0  heapauxi.o(.text)
    .text                                    0x0800045a   Section        0  _printf_fp_dec.o(.text)
    _fp_digits                               0x0800045d   Thumb Code   432  _printf_fp_dec.o(.text)
    .text                                    0x08000878   Section        0  _printf_char_common.o(.text)
    _printf_input_char                       0x08000879   Thumb Code    10  _printf_char_common.o(.text)
    .text                                    0x080008a8   Section        0  _sputc.o(.text)
    .text                                    0x080008b4   Section        8  rt_locale_intlibspace.o(.text)
    .text                                    0x080008bc   Section      138  lludiv10.o(.text)
    .text                                    0x08000948   Section        0  _printf_fp_infnan.o(.text)
    .text                                    0x080009c8   Section        0  bigflt0.o(.text)
    .text                                    0x08000aac   Section        8  libspace.o(.text)
    .text                                    0x08000ab4   Section       74  sys_stackheap_outer.o(.text)
    .text                                    0x08000afe   Section        0  exit.o(.text)
    .text                                    0x08000b10   Section      128  strcmpv7m.o(.text)
    .text                                    0x08000b90   Section        0  sys_exit.o(.text)
    .text                                    0x08000b9c   Section        2  use_no_semi.o(.text)
    .text                                    0x08000b9e   Section        0  indicate_semi.o(.text)
    CL$$btod_d2e                             0x08000b9e   Section       62  btod.o(CL$$btod_d2e)
    CL$$btod_d2e_denorm_low                  0x08000bdc   Section       70  btod.o(CL$$btod_d2e_denorm_low)
    CL$$btod_d2e_norm_op1                    0x08000c22   Section       96  btod.o(CL$$btod_d2e_norm_op1)
    CL$$btod_div_common                      0x08000c82   Section      824  btod.o(CL$$btod_div_common)
    CL$$btod_e2e                             0x08000fba   Section      220  btod.o(CL$$btod_e2e)
    CL$$btod_ediv                            0x08001096   Section       42  btod.o(CL$$btod_ediv)
    CL$$btod_emul                            0x080010c0   Section       42  btod.o(CL$$btod_emul)
    CL$$btod_mult_common                     0x080010ea   Section      580  btod.o(CL$$btod_mult_common)
    i.ADC_DMAConvCplt                        0x0800132e   Section        0  stm32g4xx_hal_adc.o(i.ADC_DMAConvCplt)
    i.ADC_DMAError                           0x080013c0   Section        0  stm32g4xx_hal_adc.o(i.ADC_DMAError)
    i.ADC_DMAHalfConvCplt                    0x080013de   Section        0  stm32g4xx_hal_adc.o(i.ADC_DMAHalfConvCplt)
    i.ADC_Disable                            0x080013ec   Section        0  stm32g4xx_hal_adc.o(i.ADC_Disable)
    i.ADC_Enable                             0x08001474   Section        0  stm32g4xx_hal_adc.o(i.ADC_Enable)
    i.BusFault_Handler                       0x080014ec   Section        0  stm32g4xx_it.o(i.BusFault_Handler)
    i.DMA_CalcDMAMUXChannelBaseAndMask       0x080014f0   Section        0  stm32g4xx_hal_dma.o(i.DMA_CalcDMAMUXChannelBaseAndMask)
    DMA_CalcDMAMUXChannelBaseAndMask         0x080014f1   Thumb Code    58  stm32g4xx_hal_dma.o(i.DMA_CalcDMAMUXChannelBaseAndMask)
    i.DMA_CalcDMAMUXRequestGenBaseAndMask    0x08001534   Section        0  stm32g4xx_hal_dma.o(i.DMA_CalcDMAMUXRequestGenBaseAndMask)
    DMA_CalcDMAMUXRequestGenBaseAndMask      0x08001535   Thumb Code    32  stm32g4xx_hal_dma.o(i.DMA_CalcDMAMUXRequestGenBaseAndMask)
    i.DMA_SetConfig                          0x08001558   Section        0  stm32g4xx_hal_dma.o(i.DMA_SetConfig)
    DMA_SetConfig                            0x08001559   Thumb Code    64  stm32g4xx_hal_dma.o(i.DMA_SetConfig)
    i.DebugMon_Handler                       0x08001598   Section        0  stm32g4xx_it.o(i.DebugMon_Handler)
    i.Delay_LCD                              0x0800159a   Section        0  lcd.o(i.Delay_LCD)
    i.Error_Handler                          0x080015b8   Section        0  main.o(i.Error_Handler)
    i.HAL_ADCEx_Calibration_Start            0x080015c0   Section        0  stm32g4xx_hal_adc_ex.o(i.HAL_ADCEx_Calibration_Start)
    i.HAL_ADCEx_MultiModeConfigChannel       0x08001670   Section        0  stm32g4xx_hal_adc_ex.o(i.HAL_ADCEx_MultiModeConfigChannel)
    i.HAL_ADC_ConfigChannel                  0x08001778   Section        0  stm32g4xx_hal_adc.o(i.HAL_ADC_ConfigChannel)
    i.HAL_ADC_ConvCpltCallback               0x08001c80   Section        0  stm32g4xx_hal_adc.o(i.HAL_ADC_ConvCpltCallback)
    i.HAL_ADC_ConvHalfCpltCallback           0x08001c82   Section        0  stm32g4xx_hal_adc.o(i.HAL_ADC_ConvHalfCpltCallback)
    i.HAL_ADC_ErrorCallback                  0x08001c84   Section        0  stm32g4xx_hal_adc.o(i.HAL_ADC_ErrorCallback)
    i.HAL_ADC_Init                           0x08001c88   Section        0  stm32g4xx_hal_adc.o(i.HAL_ADC_Init)
    i.HAL_ADC_MspInit                        0x08001eec   Section        0  adc.o(i.HAL_ADC_MspInit)
    i.HAL_ADC_Start_DMA                      0x08002090   Section        0  stm32g4xx_hal_adc.o(i.HAL_ADC_Start_DMA)
    i.HAL_DMA_Init                           0x080021a4   Section        0  stm32g4xx_hal_dma.o(i.HAL_DMA_Init)
    i.HAL_DMA_Start_IT                       0x08002274   Section        0  stm32g4xx_hal_dma.o(i.HAL_DMA_Start_IT)
    i.HAL_Delay                              0x08002338   Section        0  stm32g4xx_hal.o(i.HAL_Delay)
    i.HAL_GPIO_Init                          0x08002360   Section        0  stm32g4xx_hal_gpio.o(i.HAL_GPIO_Init)
    i.HAL_GetTick                            0x08002538   Section        0  stm32g4xx_hal.o(i.HAL_GetTick)
    i.HAL_IncTick                            0x08002544   Section        0  stm32g4xx_hal.o(i.HAL_IncTick)
    i.HAL_Init                               0x0800255c   Section        0  stm32g4xx_hal.o(i.HAL_Init)
    i.HAL_InitTick                           0x0800257c   Section        0  stm32g4xx_hal.o(i.HAL_InitTick)
    i.HAL_MspInit                            0x080025d4   Section        0  stm32g4xx_hal_msp.o(i.HAL_MspInit)
    i.HAL_NVIC_SetPriority                   0x08002618   Section        0  stm32g4xx_hal_cortex.o(i.HAL_NVIC_SetPriority)
    i.HAL_NVIC_SetPriorityGrouping           0x08002694   Section        0  stm32g4xx_hal_cortex.o(i.HAL_NVIC_SetPriorityGrouping)
    i.HAL_PWREx_ControlVoltageScaling        0x080026bc   Section        0  stm32g4xx_hal_pwr_ex.o(i.HAL_PWREx_ControlVoltageScaling)
    i.HAL_PWREx_DisableUCPDDeadBattery       0x080027d4   Section        0  stm32g4xx_hal_pwr_ex.o(i.HAL_PWREx_DisableUCPDDeadBattery)
    i.HAL_RCCEx_PeriphCLKConfig              0x080027e8   Section        0  stm32g4xx_hal_rcc_ex.o(i.HAL_RCCEx_PeriphCLKConfig)
    i.HAL_RCC_ClockConfig                    0x08002b58   Section        0  stm32g4xx_hal_rcc.o(i.HAL_RCC_ClockConfig)
    i.HAL_RCC_GetSysClockFreq                0x08002d7c   Section        0  stm32g4xx_hal_rcc.o(i.HAL_RCC_GetSysClockFreq)
    i.HAL_RCC_OscConfig                      0x08002e14   Section        0  stm32g4xx_hal_rcc.o(i.HAL_RCC_OscConfig)
    i.HAL_SYSTICK_Config                     0x0800337c   Section        0  stm32g4xx_hal_cortex.o(i.HAL_SYSTICK_Config)
    i.HardFault_Handler                      0x080033b0   Section        0  stm32g4xx_it.o(i.HardFault_Handler)
    i.LCD_BusIn                              0x080033b4   Section        0  lcd.o(i.LCD_BusIn)
    i.LCD_BusOut                             0x080033e4   Section        0  lcd.o(i.LCD_BusOut)
    i.LCD_Clear                              0x08003414   Section        0  lcd.o(i.LCD_Clear)
    i.LCD_CtrlLinesConfig                    0x0800343c   Section        0  lcd.o(i.LCD_CtrlLinesConfig)
    i.LCD_DisplayChar                        0x080034fc   Section        0  lcd.o(i.LCD_DisplayChar)
    i.LCD_DisplayStringLine                  0x08003524   Section        0  lcd.o(i.LCD_DisplayStringLine)
    i.LCD_DrawChar                           0x08003550   Section        0  lcd.o(i.LCD_DrawChar)
    i.LCD_Init                               0x080035bc   Section        0  lcd.o(i.LCD_Init)
    i.LCD_ReadReg                            0x080035f4   Section        0  lcd.o(i.LCD_ReadReg)
    i.LCD_SetBackColor                       0x080036a0   Section        0  lcd.o(i.LCD_SetBackColor)
    i.LCD_SetCursor                          0x080036b0   Section        0  lcd.o(i.LCD_SetCursor)
    i.LCD_SetTextColor                       0x080036c8   Section        0  lcd.o(i.LCD_SetTextColor)
    i.LCD_WriteRAM                           0x080036d8   Section        0  lcd.o(i.LCD_WriteRAM)
    i.LCD_WriteRAM_Prepare                   0x08003758   Section        0  lcd.o(i.LCD_WriteRAM_Prepare)
    i.LCD_WriteReg                           0x080037dc   Section        0  lcd.o(i.LCD_WriteReg)
    i.LL_ADC_Enable                          0x08003878   Section        0  stm32g4xx_hal_adc.o(i.LL_ADC_Enable)
    LL_ADC_Enable                            0x08003879   Thumb Code    12  stm32g4xx_hal_adc.o(i.LL_ADC_Enable)
    i.LL_ADC_GetMultimode                    0x08003888   Section        0  stm32g4xx_hal_adc.o(i.LL_ADC_GetMultimode)
    LL_ADC_GetMultimode                      0x08003889   Thumb Code    10  stm32g4xx_hal_adc.o(i.LL_ADC_GetMultimode)
    i.LL_ADC_GetOffsetChannel                0x08003892   Section        0  stm32g4xx_hal_adc.o(i.LL_ADC_GetOffsetChannel)
    LL_ADC_GetOffsetChannel                  0x08003893   Thumb Code    18  stm32g4xx_hal_adc.o(i.LL_ADC_GetOffsetChannel)
    i.LL_ADC_INJ_IsConversionOngoing         0x080038a4   Section        0  stm32g4xx_hal_adc.o(i.LL_ADC_INJ_IsConversionOngoing)
    LL_ADC_INJ_IsConversionOngoing           0x080038a5   Thumb Code    10  stm32g4xx_hal_adc.o(i.LL_ADC_INJ_IsConversionOngoing)
    i.LL_ADC_IsDisableOngoing                0x080038ae   Section        0  stm32g4xx_hal_adc.o(i.LL_ADC_IsDisableOngoing)
    LL_ADC_IsDisableOngoing                  0x080038af   Thumb Code    10  stm32g4xx_hal_adc.o(i.LL_ADC_IsDisableOngoing)
    i.LL_ADC_IsEnabled                       0x080038b8   Section        0  stm32g4xx_hal_adc.o(i.LL_ADC_IsEnabled)
    LL_ADC_IsEnabled                         0x080038b9   Thumb Code    10  stm32g4xx_hal_adc.o(i.LL_ADC_IsEnabled)
    i.LL_ADC_IsEnabled                       0x080038c2   Section        0  stm32g4xx_hal_adc_ex.o(i.LL_ADC_IsEnabled)
    LL_ADC_IsEnabled                         0x080038c3   Thumb Code    10  stm32g4xx_hal_adc_ex.o(i.LL_ADC_IsEnabled)
    i.LL_ADC_IsInternalRegulatorEnabled      0x080038cc   Section        0  stm32g4xx_hal_adc.o(i.LL_ADC_IsInternalRegulatorEnabled)
    LL_ADC_IsInternalRegulatorEnabled        0x080038cd   Thumb Code    10  stm32g4xx_hal_adc.o(i.LL_ADC_IsInternalRegulatorEnabled)
    i.LL_ADC_REG_IsConversionOngoing         0x080038d6   Section        0  stm32g4xx_hal_adc.o(i.LL_ADC_REG_IsConversionOngoing)
    LL_ADC_REG_IsConversionOngoing           0x080038d7   Thumb Code    10  stm32g4xx_hal_adc.o(i.LL_ADC_REG_IsConversionOngoing)
    i.LL_ADC_REG_IsConversionOngoing         0x080038e0   Section        0  stm32g4xx_hal_adc_ex.o(i.LL_ADC_REG_IsConversionOngoing)
    LL_ADC_REG_IsConversionOngoing           0x080038e1   Thumb Code    10  stm32g4xx_hal_adc_ex.o(i.LL_ADC_REG_IsConversionOngoing)
    i.LL_ADC_REG_IsTriggerSourceSWStart      0x080038ea   Section        0  stm32g4xx_hal_adc.o(i.LL_ADC_REG_IsTriggerSourceSWStart)
    LL_ADC_REG_IsTriggerSourceSWStart        0x080038eb   Thumb Code    18  stm32g4xx_hal_adc.o(i.LL_ADC_REG_IsTriggerSourceSWStart)
    i.LL_ADC_REG_StartConversion             0x080038fc   Section        0  stm32g4xx_hal_adc.o(i.LL_ADC_REG_StartConversion)
    LL_ADC_REG_StartConversion               0x080038fd   Thumb Code    12  stm32g4xx_hal_adc.o(i.LL_ADC_REG_StartConversion)
    i.LL_ADC_SetChannelSamplingTime          0x0800390c   Section        0  stm32g4xx_hal_adc.o(i.LL_ADC_SetChannelSamplingTime)
    LL_ADC_SetChannelSamplingTime            0x0800390d   Thumb Code    40  stm32g4xx_hal_adc.o(i.LL_ADC_SetChannelSamplingTime)
    i.LL_ADC_SetCommonPathInternalCh         0x08003934   Section        0  stm32g4xx_hal_adc.o(i.LL_ADC_SetCommonPathInternalCh)
    LL_ADC_SetCommonPathInternalCh           0x08003935   Thumb Code    12  stm32g4xx_hal_adc.o(i.LL_ADC_SetCommonPathInternalCh)
    i.LL_ADC_SetOffsetState                  0x08003940   Section        0  stm32g4xx_hal_adc.o(i.LL_ADC_SetOffsetState)
    LL_ADC_SetOffsetState                    0x08003941   Thumb Code    22  stm32g4xx_hal_adc.o(i.LL_ADC_SetOffsetState)
    i.LL_ADC_SetSamplingTimeCommonConfig     0x08003956   Section        0  stm32g4xx_hal_adc.o(i.LL_ADC_SetSamplingTimeCommonConfig)
    LL_ADC_SetSamplingTimeCommonConfig       0x08003957   Thumb Code    12  stm32g4xx_hal_adc.o(i.LL_ADC_SetSamplingTimeCommonConfig)
    i.MX_ADC1_Init                           0x08003964   Section        0  adc.o(i.MX_ADC1_Init)
    i.MX_ADC2_Init                           0x08003a08   Section        0  adc.o(i.MX_ADC2_Init)
    i.MX_DMA_Init                            0x08003a90   Section        0  dma.o(i.MX_DMA_Init)
    i.MX_GPIO_Init                           0x08003ad0   Section        0  gpio.o(i.MX_GPIO_Init)
    i.MemManage_Handler                      0x08003b28   Section        0  stm32g4xx_it.o(i.MemManage_Handler)
    i.NMI_Handler                            0x08003b2c   Section        0  stm32g4xx_it.o(i.NMI_Handler)
    i.PendSV_Handler                         0x08003b30   Section        0  stm32g4xx_it.o(i.PendSV_Handler)
    i.RCC_GetSysClockFreqFromPLLSource       0x08003b34   Section        0  stm32g4xx_hal_rcc.o(i.RCC_GetSysClockFreqFromPLLSource)
    RCC_GetSysClockFreqFromPLLSource         0x08003b35   Thumb Code    90  stm32g4xx_hal_rcc.o(i.RCC_GetSysClockFreqFromPLLSource)
    i.REG_8230_Init                          0x08003b9c   Section        0  lcd.o(i.REG_8230_Init)
    i.REG_932X_Init                          0x08003cbc   Section        0  lcd.o(i.REG_932X_Init)
    i.SVC_Handler                            0x08003ebc   Section        0  stm32g4xx_it.o(i.SVC_Handler)
    i.SysTick_Handler                        0x08003ebe   Section        0  stm32g4xx_it.o(i.SysTick_Handler)
    i.SystemClock_Config                     0x08003ec6   Section        0  main.o(i.SystemClock_Config)
    i.SystemInit                             0x08003f30   Section        0  system_stm32g4xx.o(i.SystemInit)
    i.UsageFault_Handler                     0x08003f4c   Section        0  stm32g4xx_it.o(i.UsageFault_Handler)
    i.__ARM_fpclassify                       0x08003f50   Section        0  fpclassify.o(i.__ARM_fpclassify)
    i.__NVIC_GetPriorityGrouping             0x08003f80   Section        0  stm32g4xx_hal_cortex.o(i.__NVIC_GetPriorityGrouping)
    __NVIC_GetPriorityGrouping               0x08003f81   Thumb Code    10  stm32g4xx_hal_cortex.o(i.__NVIC_GetPriorityGrouping)
    i.__NVIC_SetPriority                     0x08003f90   Section        0  stm32g4xx_hal_cortex.o(i.__NVIC_SetPriority)
    __NVIC_SetPriority                       0x08003f91   Thumb Code    32  stm32g4xx_hal_cortex.o(i.__NVIC_SetPriority)
    i._is_digit                              0x08003fb8   Section        0  __printf_wp.o(i._is_digit)
    i.adc_lcd                                0x08003fc8   Section        0  user.o(i.adc_lcd)
    i.main                                   0x0800405c   Section        0  main.o(i.main)
    locale$$code                             0x080040d8   Section       44  lc_numeric_c.o(locale$$code)
    x$fpl$ddiv                               0x08004104   Section      688  ddiv.o(x$fpl$ddiv)
    $v0                                      0x08004104   Number         0  ddiv.o(x$fpl$ddiv)
    ddiv_entry                               0x0800410b   Thumb Code     0  ddiv.o(x$fpl$ddiv)
    x$fpl$dfltu                              0x080043b4   Section       38  dflt_clz.o(x$fpl$dfltu)
    $v0                                      0x080043b4   Number         0  dflt_clz.o(x$fpl$dfltu)
    x$fpl$dmul                               0x080043dc   Section      340  dmul.o(x$fpl$dmul)
    $v0                                      0x080043dc   Number         0  dmul.o(x$fpl$dmul)
    x$fpl$dnaninf                            0x08004530   Section      156  dnaninf.o(x$fpl$dnaninf)
    $v0                                      0x08004530   Number         0  dnaninf.o(x$fpl$dnaninf)
    x$fpl$dretinf                            0x080045cc   Section       12  dretinf.o(x$fpl$dretinf)
    $v0                                      0x080045cc   Number         0  dretinf.o(x$fpl$dretinf)
    x$fpl$fpinit                             0x080045d8   Section       10  fpinit.o(x$fpl$fpinit)
    $v0                                      0x080045d8   Number         0  fpinit.o(x$fpl$fpinit)
    x$fpl$printf1                            0x080045e2   Section        4  printf1.o(x$fpl$printf1)
    $v0                                      0x080045e2   Number         0  printf1.o(x$fpl$printf1)
    .constdata                               0x080045e6   Section     4560  lcd.o(.constdata)
    x$fpl$usenofp                            0x080045e6   Section        0  usenofp.o(x$fpl$usenofp)
    .constdata                               0x080057b6   Section       24  system_stm32g4xx.o(.constdata)
    .constdata                               0x080057d0   Section      148  bigflt0.o(.constdata)
    tenpwrs_x                                0x080057d0   Data          60  bigflt0.o(.constdata)
    tenpwrs_i                                0x0800580c   Data          64  bigflt0.o(.constdata)
    locale$$data                             0x08005884   Section       28  lc_numeric_c.o(locale$$data)
    __lcnum_c_name                           0x08005888   Data           2  lc_numeric_c.o(locale$$data)
    __lcnum_c_start                          0x08005890   Data           0  lc_numeric_c.o(locale$$data)
    __lcnum_c_point                          0x0800589c   Data           0  lc_numeric_c.o(locale$$data)
    __lcnum_c_thousands                      0x0800589e   Data           0  lc_numeric_c.o(locale$$data)
    __lcnum_c_grouping                       0x0800589f   Data           0  lc_numeric_c.o(locale$$data)
    __lcnum_c_end                            0x080058a0   Data           0  lc_numeric_c.o(locale$$data)
    .data                                    0x20000000   Section        4  adc.o(.data)
    HAL_RCC_ADC12_CLK_ENABLED                0x20000000   Data           4  adc.o(.data)
    .data                                    0x20000004   Section        6  lcd.o(.data)
    TextColor                                0x20000004   Data           2  lcd.o(.data)
    BackColor                                0x20000006   Data           2  lcd.o(.data)
    .data                                    0x2000000c   Section       12  stm32g4xx_hal.o(.data)
    .data                                    0x20000018   Section        4  system_stm32g4xx.o(.data)
    .bss                                     0x2000001c   Section      408  adc.o(.bss)
    .bss                                     0x200001b4   Section       80  user.o(.bss)
    .bss                                     0x20000204   Section       96  libspace.o(.bss)
    HEAP                                     0x20000268   Section      512  startup_stm32g431xx.o(HEAP)
    Heap_Mem                                 0x20000268   Data         512  startup_stm32g431xx.o(HEAP)
    STACK                                    0x20000468   Section     1024  startup_stm32g431xx.o(STACK)
    Stack_Mem                                0x20000468   Data        1024  startup_stm32g431xx.o(STACK)
    __initial_sp                             0x20000868   Data           0  startup_stm32g431xx.o(STACK)

    Global Symbols

    Symbol Name                              Value     Ov Type        Size  Object(Section)

    BuildAttributes$$THM_ISAv4$E$P$D$K$B$S$7EM$VFPi3$EXTD16$VFPS$VFMA$PE$A:L22UL41UL21$X:L11$S22US41US21$IEEE1$IW$USESV6$~STKCKD$USESV7$~SHL$OTIME$ROPI$IEEEJ$EBA8$UX$STANDARDLIB$REQ8$PRES8$EABIv2 0x00000000   Number         0  anon$$obj.o ABSOLUTE
    __ARM_use_no_argv                        0x00000000   Number         0  main.o ABSOLUTE
    _printf_flags                            0x00000000   Number         0  printf_stubs.o ABSOLUTE
    _printf_return_value                     0x00000000   Number         0  printf_stubs.o ABSOLUTE
    _printf_sizespec                         0x00000000   Number         0  printf_stubs.o ABSOLUTE
    _printf_widthprec                        0x00000000   Number         0  printf_stubs.o ABSOLUTE
    __ARM_exceptions_init                     - Undefined Weak Reference
    __alloca_initialize                       - Undefined Weak Reference
    __arm_preinit_                            - Undefined Weak Reference
    __cpp_initialize__aeabi_                  - Undefined Weak Reference
    __cxa_finalize                            - Undefined Weak Reference
    __sigvec_lookup                           - Undefined Weak Reference
    _atexit_init                              - Undefined Weak Reference
    _call_atexit_fns                          - Undefined Weak Reference
    _clock_init                               - Undefined Weak Reference
    _fp_trap_init                             - Undefined Weak Reference
    _fp_trap_shutdown                         - Undefined Weak Reference
    _get_lc_collate                           - Undefined Weak Reference
    _get_lc_ctype                             - Undefined Weak Reference
    _get_lc_monetary                          - Undefined Weak Reference
    _get_lc_time                              - Undefined Weak Reference
    _getenv_init                              - Undefined Weak Reference
    _handle_redirection                       - Undefined Weak Reference
    _init_alloc                               - Undefined Weak Reference
    _init_user_alloc                          - Undefined Weak Reference
    _initio                                   - Undefined Weak Reference
    _printf_post_padding                      - Undefined Weak Reference
    _printf_pre_padding                       - Undefined Weak Reference
    _rand_init                                - Undefined Weak Reference
    _signal_finish                            - Undefined Weak Reference
    _signal_init                              - Undefined Weak Reference
    _terminate_alloc                          - Undefined Weak Reference
    _terminate_user_alloc                     - Undefined Weak Reference
    _terminateio                              - Undefined Weak Reference
    __Vectors_Size                           0x000001d8   Number         0  startup_stm32g431xx.o ABSOLUTE
    __Vectors                                0x08000000   Data           4  startup_stm32g431xx.o(RESET)
    __Vectors_End                            0x080001d8   Data           0  startup_stm32g431xx.o(RESET)
    __main                                   0x080001d9   Thumb Code     8  __main.o(!!!main)
    __scatterload                            0x080001e1   Thumb Code     0  __scatter.o(!!!scatter)
    __scatterload_rt2                        0x080001e1   Thumb Code    44  __scatter.o(!!!scatter)
    __scatterload_rt2_thumb_only             0x080001e1   Thumb Code     0  __scatter.o(!!!scatter)
    __scatterload_null                       0x080001ef   Thumb Code     0  __scatter.o(!!!scatter)
    __scatterload_copy                       0x08000215   Thumb Code    26  __scatter_copy.o(!!handler_copy)
    __scatterload_zeroinit                   0x08000231   Thumb Code    28  __scatter_zi.o(!!handler_zi)
    _printf_f                                0x0800024d   Thumb Code     0  _printf_f.o(.ARM.Collect$$_printf_percent$$00000003)
    _printf_percent                          0x0800024d   Thumb Code     0  _printf_percent.o(.ARM.Collect$$_printf_percent$$00000000)
    _printf_percent_end                      0x08000253   Thumb Code     0  _printf_percent_end.o(.ARM.Collect$$_printf_percent$$00000017)
    __rt_lib_init                            0x08000257   Thumb Code     0  libinit.o(.ARM.Collect$$libinit$$00000000)
    __rt_lib_init_fp_1                       0x08000259   Thumb Code     0  libinit2.o(.ARM.Collect$$libinit$$00000001)
    __rt_lib_init_heap_1                     0x0800025d   Thumb Code     0  libinit2.o(.ARM.Collect$$libinit$$0000000A)
    __rt_lib_init_lc_common                  0x0800025d   Thumb Code     0  libinit2.o(.ARM.Collect$$libinit$$0000000F)
    __rt_lib_init_preinit_1                  0x0800025d   Thumb Code     0  libinit2.o(.ARM.Collect$$libinit$$00000004)
    __rt_lib_init_rand_1                     0x0800025d   Thumb Code     0  libinit2.o(.ARM.Collect$$libinit$$0000000E)
    __rt_lib_init_user_alloc_1               0x0800025d   Thumb Code     0  libinit2.o(.ARM.Collect$$libinit$$0000000C)
    __rt_lib_init_lc_collate_1               0x08000263   Thumb Code     0  libinit2.o(.ARM.Collect$$libinit$$00000011)
    __rt_lib_init_lc_ctype_1                 0x08000263   Thumb Code     0  libinit2.o(.ARM.Collect$$libinit$$00000013)
    __rt_lib_init_lc_monetary_1              0x08000263   Thumb Code     0  libinit2.o(.ARM.Collect$$libinit$$00000015)
    __rt_lib_init_lc_numeric_2               0x08000263   Thumb Code     0  libinit2.o(.ARM.Collect$$libinit$$00000016)
    __rt_lib_init_alloca_1                   0x0800026d   Thumb Code     0  libinit2.o(.ARM.Collect$$libinit$$0000002E)
    __rt_lib_init_argv_1                     0x0800026d   Thumb Code     0  libinit2.o(.ARM.Collect$$libinit$$0000002C)
    __rt_lib_init_atexit_1                   0x0800026d   Thumb Code     0  libinit2.o(.ARM.Collect$$libinit$$0000001B)
    __rt_lib_init_clock_1                    0x0800026d   Thumb Code     0  libinit2.o(.ARM.Collect$$libinit$$00000021)
    __rt_lib_init_cpp_1                      0x0800026d   Thumb Code     0  libinit2.o(.ARM.Collect$$libinit$$00000032)
    __rt_lib_init_exceptions_1               0x0800026d   Thumb Code     0  libinit2.o(.ARM.Collect$$libinit$$00000030)
    __rt_lib_init_fp_trap_1                  0x0800026d   Thumb Code     0  libinit2.o(.ARM.Collect$$libinit$$0000001F)
    __rt_lib_init_getenv_1                   0x0800026d   Thumb Code     0  libinit2.o(.ARM.Collect$$libinit$$00000023)
    __rt_lib_init_lc_numeric_1               0x0800026d   Thumb Code     0  libinit2.o(.ARM.Collect$$libinit$$00000017)
    __rt_lib_init_lc_time_1                  0x0800026d   Thumb Code     0  libinit2.o(.ARM.Collect$$libinit$$00000019)
    __rt_lib_init_return                     0x0800026d   Thumb Code     0  libinit2.o(.ARM.Collect$$libinit$$00000033)
    __rt_lib_init_signal_1                   0x0800026d   Thumb Code     0  libinit2.o(.ARM.Collect$$libinit$$0000001D)
    __rt_lib_init_stdio_1                    0x0800026d   Thumb Code     0  libinit2.o(.ARM.Collect$$libinit$$00000025)
    __rt_lib_shutdown                        0x0800026f   Thumb Code     0  libshutdown.o(.ARM.Collect$$libshutdown$$00000000)
    __rt_lib_shutdown_cpp_1                  0x08000271   Thumb Code     0  libshutdown2.o(.ARM.Collect$$libshutdown$$00000002)
    __rt_lib_shutdown_fp_trap_1              0x08000271   Thumb Code     0  libshutdown2.o(.ARM.Collect$$libshutdown$$00000007)
    __rt_lib_shutdown_heap_1                 0x08000271   Thumb Code     0  libshutdown2.o(.ARM.Collect$$libshutdown$$0000000F)
    __rt_lib_shutdown_return                 0x08000271   Thumb Code     0  libshutdown2.o(.ARM.Collect$$libshutdown$$00000010)
    __rt_lib_shutdown_signal_1               0x08000271   Thumb Code     0  libshutdown2.o(.ARM.Collect$$libshutdown$$0000000A)
    __rt_lib_shutdown_stdio_1                0x08000271   Thumb Code     0  libshutdown2.o(.ARM.Collect$$libshutdown$$00000004)
    __rt_lib_shutdown_user_alloc_1           0x08000271   Thumb Code     0  libshutdown2.o(.ARM.Collect$$libshutdown$$0000000C)
    __rt_entry                               0x08000273   Thumb Code     0  __rtentry.o(.ARM.Collect$$rtentry$$00000000)
    __rt_entry_presh_1                       0x08000273   Thumb Code     0  __rtentry2.o(.ARM.Collect$$rtentry$$00000002)
    __rt_entry_sh                            0x08000273   Thumb Code     0  __rtentry4.o(.ARM.Collect$$rtentry$$00000004)
    __rt_entry_li                            0x08000279   Thumb Code     0  __rtentry2.o(.ARM.Collect$$rtentry$$0000000A)
    __rt_entry_postsh_1                      0x08000279   Thumb Code     0  __rtentry2.o(.ARM.Collect$$rtentry$$00000009)
    __rt_entry_main                          0x0800027d   Thumb Code     0  __rtentry2.o(.ARM.Collect$$rtentry$$0000000D)
    __rt_entry_postli_1                      0x0800027d   Thumb Code     0  __rtentry2.o(.ARM.Collect$$rtentry$$0000000C)
    __rt_exit                                0x08000285   Thumb Code     0  rtexit.o(.ARM.Collect$$rtexit$$00000000)
    __rt_exit_ls                             0x08000287   Thumb Code     0  rtexit2.o(.ARM.Collect$$rtexit$$00000003)
    __rt_exit_prels_1                        0x08000287   Thumb Code     0  rtexit2.o(.ARM.Collect$$rtexit$$00000002)
    __rt_exit_exit                           0x0800028b   Thumb Code     0  rtexit2.o(.ARM.Collect$$rtexit$$00000004)
    Reset_Handler                            0x08000291   Thumb Code     8  startup_stm32g431xx.o(.text)
    ADC1_2_IRQHandler                        0x080002ab   Thumb Code     0  startup_stm32g431xx.o(.text)
    COMP1_2_3_IRQHandler                     0x080002ab   Thumb Code     0  startup_stm32g431xx.o(.text)
    COMP4_IRQHandler                         0x080002ab   Thumb Code     0  startup_stm32g431xx.o(.text)
    CORDIC_IRQHandler                        0x080002ab   Thumb Code     0  startup_stm32g431xx.o(.text)
    CRS_IRQHandler                           0x080002ab   Thumb Code     0  startup_stm32g431xx.o(.text)
    DMA1_Channel1_IRQHandler                 0x080002ab   Thumb Code     0  startup_stm32g431xx.o(.text)
    DMA1_Channel2_IRQHandler                 0x080002ab   Thumb Code     0  startup_stm32g431xx.o(.text)
    DMA1_Channel3_IRQHandler                 0x080002ab   Thumb Code     0  startup_stm32g431xx.o(.text)
    DMA1_Channel4_IRQHandler                 0x080002ab   Thumb Code     0  startup_stm32g431xx.o(.text)
    DMA1_Channel5_IRQHandler                 0x080002ab   Thumb Code     0  startup_stm32g431xx.o(.text)
    DMA1_Channel6_IRQHandler                 0x080002ab   Thumb Code     0  startup_stm32g431xx.o(.text)
    DMA2_Channel1_IRQHandler                 0x080002ab   Thumb Code     0  startup_stm32g431xx.o(.text)
    DMA2_Channel2_IRQHandler                 0x080002ab   Thumb Code     0  startup_stm32g431xx.o(.text)
    DMA2_Channel3_IRQHandler                 0x080002ab   Thumb Code     0  startup_stm32g431xx.o(.text)
    DMA2_Channel4_IRQHandler                 0x080002ab   Thumb Code     0  startup_stm32g431xx.o(.text)
    DMA2_Channel5_IRQHandler                 0x080002ab   Thumb Code     0  startup_stm32g431xx.o(.text)
    DMA2_Channel6_IRQHandler                 0x080002ab   Thumb Code     0  startup_stm32g431xx.o(.text)
    DMAMUX_OVR_IRQHandler                    0x080002ab   Thumb Code     0  startup_stm32g431xx.o(.text)
    EXTI0_IRQHandler                         0x080002ab   Thumb Code     0  startup_stm32g431xx.o(.text)
    EXTI15_10_IRQHandler                     0x080002ab   Thumb Code     0  startup_stm32g431xx.o(.text)
    EXTI1_IRQHandler                         0x080002ab   Thumb Code     0  startup_stm32g431xx.o(.text)
    EXTI2_IRQHandler                         0x080002ab   Thumb Code     0  startup_stm32g431xx.o(.text)
    EXTI3_IRQHandler                         0x080002ab   Thumb Code     0  startup_stm32g431xx.o(.text)
    EXTI4_IRQHandler                         0x080002ab   Thumb Code     0  startup_stm32g431xx.o(.text)
    EXTI9_5_IRQHandler                       0x080002ab   Thumb Code     0  startup_stm32g431xx.o(.text)
    FDCAN1_IT0_IRQHandler                    0x080002ab   Thumb Code     0  startup_stm32g431xx.o(.text)
    FDCAN1_IT1_IRQHandler                    0x080002ab   Thumb Code     0  startup_stm32g431xx.o(.text)
    FLASH_IRQHandler                         0x080002ab   Thumb Code     0  startup_stm32g431xx.o(.text)
    FMAC_IRQHandler                          0x080002ab   Thumb Code     0  startup_stm32g431xx.o(.text)
    FPU_IRQHandler                           0x080002ab   Thumb Code     0  startup_stm32g431xx.o(.text)
    I2C1_ER_IRQHandler                       0x080002ab   Thumb Code     0  startup_stm32g431xx.o(.text)
    I2C1_EV_IRQHandler                       0x080002ab   Thumb Code     0  startup_stm32g431xx.o(.text)
    I2C2_ER_IRQHandler                       0x080002ab   Thumb Code     0  startup_stm32g431xx.o(.text)
    I2C2_EV_IRQHandler                       0x080002ab   Thumb Code     0  startup_stm32g431xx.o(.text)
    I2C3_ER_IRQHandler                       0x080002ab   Thumb Code     0  startup_stm32g431xx.o(.text)
    I2C3_EV_IRQHandler                       0x080002ab   Thumb Code     0  startup_stm32g431xx.o(.text)
    LPTIM1_IRQHandler                        0x080002ab   Thumb Code     0  startup_stm32g431xx.o(.text)
    LPUART1_IRQHandler                       0x080002ab   Thumb Code     0  startup_stm32g431xx.o(.text)
    PVD_PVM_IRQHandler                       0x080002ab   Thumb Code     0  startup_stm32g431xx.o(.text)
    RCC_IRQHandler                           0x080002ab   Thumb Code     0  startup_stm32g431xx.o(.text)
    RNG_IRQHandler                           0x080002ab   Thumb Code     0  startup_stm32g431xx.o(.text)
    RTC_Alarm_IRQHandler                     0x080002ab   Thumb Code     0  startup_stm32g431xx.o(.text)
    RTC_TAMP_LSECSS_IRQHandler               0x080002ab   Thumb Code     0  startup_stm32g431xx.o(.text)
    RTC_WKUP_IRQHandler                      0x080002ab   Thumb Code     0  startup_stm32g431xx.o(.text)
    SAI1_IRQHandler                          0x080002ab   Thumb Code     0  startup_stm32g431xx.o(.text)
    SPI1_IRQHandler                          0x080002ab   Thumb Code     0  startup_stm32g431xx.o(.text)
    SPI2_IRQHandler                          0x080002ab   Thumb Code     0  startup_stm32g431xx.o(.text)
    SPI3_IRQHandler                          0x080002ab   Thumb Code     0  startup_stm32g431xx.o(.text)
    TIM1_BRK_TIM15_IRQHandler                0x080002ab   Thumb Code     0  startup_stm32g431xx.o(.text)
    TIM1_CC_IRQHandler                       0x080002ab   Thumb Code     0  startup_stm32g431xx.o(.text)
    TIM1_TRG_COM_TIM17_IRQHandler            0x080002ab   Thumb Code     0  startup_stm32g431xx.o(.text)
    TIM1_UP_TIM16_IRQHandler                 0x080002ab   Thumb Code     0  startup_stm32g431xx.o(.text)
    TIM2_IRQHandler                          0x080002ab   Thumb Code     0  startup_stm32g431xx.o(.text)
    TIM3_IRQHandler                          0x080002ab   Thumb Code     0  startup_stm32g431xx.o(.text)
    TIM4_IRQHandler                          0x080002ab   Thumb Code     0  startup_stm32g431xx.o(.text)
    TIM6_DAC_IRQHandler                      0x080002ab   Thumb Code     0  startup_stm32g431xx.o(.text)
    TIM7_IRQHandler                          0x080002ab   Thumb Code     0  startup_stm32g431xx.o(.text)
    TIM8_BRK_IRQHandler                      0x080002ab   Thumb Code     0  startup_stm32g431xx.o(.text)
    TIM8_CC_IRQHandler                       0x080002ab   Thumb Code     0  startup_stm32g431xx.o(.text)
    TIM8_TRG_COM_IRQHandler                  0x080002ab   Thumb Code     0  startup_stm32g431xx.o(.text)
    TIM8_UP_IRQHandler                       0x080002ab   Thumb Code     0  startup_stm32g431xx.o(.text)
    UART4_IRQHandler                         0x080002ab   Thumb Code     0  startup_stm32g431xx.o(.text)
    UCPD1_IRQHandler                         0x080002ab   Thumb Code     0  startup_stm32g431xx.o(.text)
    USART1_IRQHandler                        0x080002ab   Thumb Code     0  startup_stm32g431xx.o(.text)
    USART2_IRQHandler                        0x080002ab   Thumb Code     0  startup_stm32g431xx.o(.text)
    USART3_IRQHandler                        0x080002ab   Thumb Code     0  startup_stm32g431xx.o(.text)
    USBWakeUp_IRQHandler                     0x080002ab   Thumb Code     0  startup_stm32g431xx.o(.text)
    USB_HP_IRQHandler                        0x080002ab   Thumb Code     0  startup_stm32g431xx.o(.text)
    USB_LP_IRQHandler                        0x080002ab   Thumb Code     0  startup_stm32g431xx.o(.text)
    WWDG_IRQHandler                          0x080002ab   Thumb Code     0  startup_stm32g431xx.o(.text)
    __user_initial_stackheap                 0x080002ad   Thumb Code     0  startup_stm32g431xx.o(.text)
    __2sprintf                               0x080002d1   Thumb Code    34  noretval__2sprintf.o(.text)
    __printf                                 0x080002f9   Thumb Code   270  __printf_wp.o(.text)
    __aeabi_memclr4                          0x08000407   Thumb Code     0  rt_memclr_w.o(.text)
    __aeabi_memclr8                          0x08000407   Thumb Code     0  rt_memclr_w.o(.text)
    __rt_memclr_w                            0x08000407   Thumb Code    78  rt_memclr_w.o(.text)
    _memset_w                                0x0800040b   Thumb Code     0  rt_memclr_w.o(.text)
    __use_two_region_memory                  0x08000455   Thumb Code     2  heapauxi.o(.text)
    __rt_heap_escrow$2region                 0x08000457   Thumb Code     2  heapauxi.o(.text)
    __rt_heap_expand$2region                 0x08000459   Thumb Code     2  heapauxi.o(.text)
    __lib_sel_fp_printf                      0x0800045b   Thumb Code     2  _printf_fp_dec.o(.text)
    _printf_fp_dec_real                      0x0800060d   Thumb Code   620  _printf_fp_dec.o(.text)
    _printf_char_common                      0x08000883   Thumb Code    32  _printf_char_common.o(.text)
    _sputc                                   0x080008a9   Thumb Code    10  _sputc.o(.text)
    __rt_locale                              0x080008b5   Thumb Code     8  rt_locale_intlibspace.o(.text)
    _ll_udiv10                               0x080008bd   Thumb Code   138  lludiv10.o(.text)
    _printf_fp_infnan                        0x08000949   Thumb Code   112  _printf_fp_infnan.o(.text)
    _btod_etento                             0x080009c9   Thumb Code   224  bigflt0.o(.text)
    __user_libspace                          0x08000aad   Thumb Code     8  libspace.o(.text)
    __user_perproc_libspace                  0x08000aad   Thumb Code     0  libspace.o(.text)
    __user_perthread_libspace                0x08000aad   Thumb Code     0  libspace.o(.text)
    __user_setup_stackheap                   0x08000ab5   Thumb Code    74  sys_stackheap_outer.o(.text)
    exit                                     0x08000aff   Thumb Code    18  exit.o(.text)
    strcmp                                   0x08000b11   Thumb Code   128  strcmpv7m.o(.text)
    _sys_exit                                0x08000b91   Thumb Code     8  sys_exit.o(.text)
    __I$use$semihosting                      0x08000b9d   Thumb Code     0  use_no_semi.o(.text)
    __use_no_semihosting_swi                 0x08000b9d   Thumb Code     2  use_no_semi.o(.text)
    __semihosting_library_function           0x08000b9f   Thumb Code     0  indicate_semi.o(.text)
    _btod_d2e                                0x08000b9f   Thumb Code    62  btod.o(CL$$btod_d2e)
    _d2e_denorm_low                          0x08000bdd   Thumb Code    70  btod.o(CL$$btod_d2e_denorm_low)
    _d2e_norm_op1                            0x08000c23   Thumb Code    96  btod.o(CL$$btod_d2e_norm_op1)
    __btod_div_common                        0x08000c83   Thumb Code   696  btod.o(CL$$btod_div_common)
    _e2e                                     0x08000fbb   Thumb Code   220  btod.o(CL$$btod_e2e)
    _btod_ediv                               0x08001097   Thumb Code    42  btod.o(CL$$btod_ediv)
    _btod_emul                               0x080010c1   Thumb Code    42  btod.o(CL$$btod_emul)
    __btod_mult_common                       0x080010eb   Thumb Code   580  btod.o(CL$$btod_mult_common)
    ADC_DMAConvCplt                          0x0800132f   Thumb Code   146  stm32g4xx_hal_adc.o(i.ADC_DMAConvCplt)
    ADC_DMAError                             0x080013c1   Thumb Code    30  stm32g4xx_hal_adc.o(i.ADC_DMAError)
    ADC_DMAHalfConvCplt                      0x080013df   Thumb Code    14  stm32g4xx_hal_adc.o(i.ADC_DMAHalfConvCplt)
    ADC_Disable                              0x080013ed   Thumb Code   132  stm32g4xx_hal_adc.o(i.ADC_Disable)
    ADC_Enable                               0x08001475   Thumb Code   116  stm32g4xx_hal_adc.o(i.ADC_Enable)
    BusFault_Handler                         0x080014ed   Thumb Code     4  stm32g4xx_it.o(i.BusFault_Handler)
    DebugMon_Handler                         0x08001599   Thumb Code     2  stm32g4xx_it.o(i.DebugMon_Handler)
    Delay_LCD                                0x0800159b   Thumb Code    30  lcd.o(i.Delay_LCD)
    Error_Handler                            0x080015b9   Thumb Code     6  main.o(i.Error_Handler)
    HAL_ADCEx_Calibration_Start              0x080015c1   Thumb Code   166  stm32g4xx_hal_adc_ex.o(i.HAL_ADCEx_Calibration_Start)
    HAL_ADCEx_MultiModeConfigChannel         0x08001671   Thumb Code   254  stm32g4xx_hal_adc_ex.o(i.HAL_ADCEx_MultiModeConfigChannel)
    HAL_ADC_ConfigChannel                    0x08001779   Thumb Code  1250  stm32g4xx_hal_adc.o(i.HAL_ADC_ConfigChannel)
    HAL_ADC_ConvCpltCallback                 0x08001c81   Thumb Code     2  stm32g4xx_hal_adc.o(i.HAL_ADC_ConvCpltCallback)
    HAL_ADC_ConvHalfCpltCallback             0x08001c83   Thumb Code     2  stm32g4xx_hal_adc.o(i.HAL_ADC_ConvHalfCpltCallback)
    HAL_ADC_ErrorCallback                    0x08001c85   Thumb Code     2  stm32g4xx_hal_adc.o(i.HAL_ADC_ErrorCallback)
    HAL_ADC_Init                             0x08001c89   Thumb Code   582  stm32g4xx_hal_adc.o(i.HAL_ADC_Init)
    HAL_ADC_MspInit                          0x08001eed   Thumb Code   392  adc.o(i.HAL_ADC_MspInit)
    HAL_ADC_Start_DMA                        0x08002091   Thumb Code   254  stm32g4xx_hal_adc.o(i.HAL_ADC_Start_DMA)
    HAL_DMA_Init                             0x080021a5   Thumb Code   200  stm32g4xx_hal_dma.o(i.HAL_DMA_Init)
    HAL_DMA_Start_IT                         0x08002275   Thumb Code   194  stm32g4xx_hal_dma.o(i.HAL_DMA_Start_IT)
    HAL_Delay                                0x08002339   Thumb Code    36  stm32g4xx_hal.o(i.HAL_Delay)
    HAL_GPIO_Init                            0x08002361   Thumb Code   438  stm32g4xx_hal_gpio.o(i.HAL_GPIO_Init)
    HAL_GetTick                              0x08002539   Thumb Code     6  stm32g4xx_hal.o(i.HAL_GetTick)
    HAL_IncTick                              0x08002545   Thumb Code    16  stm32g4xx_hal.o(i.HAL_IncTick)
    HAL_Init                                 0x0800255d   Thumb Code    30  stm32g4xx_hal.o(i.HAL_Init)
    HAL_InitTick                             0x0800257d   Thumb Code    74  stm32g4xx_hal.o(i.HAL_InitTick)
    HAL_MspInit                              0x080025d5   Thumb Code    62  stm32g4xx_hal_msp.o(i.HAL_MspInit)
    HAL_NVIC_SetPriority                     0x08002619   Thumb Code   122  stm32g4xx_hal_cortex.o(i.HAL_NVIC_SetPriority)
    HAL_NVIC_SetPriorityGrouping             0x08002695   Thumb Code    32  stm32g4xx_hal_cortex.o(i.HAL_NVIC_SetPriorityGrouping)
    HAL_PWREx_ControlVoltageScaling          0x080026bd   Thumb Code   268  stm32g4xx_hal_pwr_ex.o(i.HAL_PWREx_ControlVoltageScaling)
    HAL_PWREx_DisableUCPDDeadBattery         0x080027d5   Thumb Code    14  stm32g4xx_hal_pwr_ex.o(i.HAL_PWREx_DisableUCPDDeadBattery)
    HAL_RCCEx_PeriphCLKConfig                0x080027e9   Thumb Code   872  stm32g4xx_hal_rcc_ex.o(i.HAL_RCCEx_PeriphCLKConfig)
    HAL_RCC_ClockConfig                      0x08002b59   Thumb Code   522  stm32g4xx_hal_rcc.o(i.HAL_RCC_ClockConfig)
    HAL_RCC_GetSysClockFreq                  0x08002d7d   Thumb Code   138  stm32g4xx_hal_rcc.o(i.HAL_RCC_GetSysClockFreq)
    HAL_RCC_OscConfig                        0x08002e15   Thumb Code  1370  stm32g4xx_hal_rcc.o(i.HAL_RCC_OscConfig)
    HAL_SYSTICK_Config                       0x0800337d   Thumb Code    52  stm32g4xx_hal_cortex.o(i.HAL_SYSTICK_Config)
    HardFault_Handler                        0x080033b1   Thumb Code     4  stm32g4xx_it.o(i.HardFault_Handler)
    LCD_BusIn                                0x080033b5   Thumb Code    42  lcd.o(i.LCD_BusIn)
    LCD_BusOut                               0x080033e5   Thumb Code    42  lcd.o(i.LCD_BusOut)
    LCD_Clear                                0x08003415   Thumb Code    38  lcd.o(i.LCD_Clear)
    LCD_CtrlLinesConfig                      0x0800343d   Thumb Code   182  lcd.o(i.LCD_CtrlLinesConfig)
    LCD_DisplayChar                          0x080034fd   Thumb Code    34  lcd.o(i.LCD_DisplayChar)
    LCD_DisplayStringLine                    0x08003525   Thumb Code    44  lcd.o(i.LCD_DisplayStringLine)
    LCD_DrawChar                             0x08003551   Thumb Code   100  lcd.o(i.LCD_DrawChar)
    LCD_Init                                 0x080035bd   Thumb Code    50  lcd.o(i.LCD_Init)
    LCD_ReadReg                              0x080035f5   Thumb Code   164  lcd.o(i.LCD_ReadReg)
    LCD_SetBackColor                         0x080036a1   Thumb Code    12  lcd.o(i.LCD_SetBackColor)
    LCD_SetCursor                            0x080036b1   Thumb Code    24  lcd.o(i.LCD_SetCursor)
    LCD_SetTextColor                         0x080036c9   Thumb Code    12  lcd.o(i.LCD_SetTextColor)
    LCD_WriteRAM                             0x080036d9   Thumb Code   120  lcd.o(i.LCD_WriteRAM)
    LCD_WriteRAM_Prepare                     0x08003759   Thumb Code   122  lcd.o(i.LCD_WriteRAM_Prepare)
    LCD_WriteReg                             0x080037dd   Thumb Code   148  lcd.o(i.LCD_WriteReg)
    MX_ADC1_Init                             0x08003965   Thumb Code   154  adc.o(i.MX_ADC1_Init)
    MX_ADC2_Init                             0x08003a09   Thumb Code   124  adc.o(i.MX_ADC2_Init)
    MX_DMA_Init                              0x08003a91   Thumb Code    58  dma.o(i.MX_DMA_Init)
    MX_GPIO_Init                             0x08003ad1   Thumb Code    84  gpio.o(i.MX_GPIO_Init)
    MemManage_Handler                        0x08003b29   Thumb Code     4  stm32g4xx_it.o(i.MemManage_Handler)
    NMI_Handler                              0x08003b2d   Thumb Code     4  stm32g4xx_it.o(i.NMI_Handler)
    PendSV_Handler                           0x08003b31   Thumb Code     2  stm32g4xx_it.o(i.PendSV_Handler)
    REG_8230_Init                            0x08003b9d   Thumb Code   288  lcd.o(i.REG_8230_Init)
    REG_932X_Init                            0x08003cbd   Thumb Code   512  lcd.o(i.REG_932X_Init)
    SVC_Handler                              0x08003ebd   Thumb Code     2  stm32g4xx_it.o(i.SVC_Handler)
    SysTick_Handler                          0x08003ebf   Thumb Code     8  stm32g4xx_it.o(i.SysTick_Handler)
    SystemClock_Config                       0x08003ec7   Thumb Code   104  main.o(i.SystemClock_Config)
    SystemInit                               0x08003f31   Thumb Code    24  system_stm32g4xx.o(i.SystemInit)
    UsageFault_Handler                       0x08003f4d   Thumb Code     4  stm32g4xx_it.o(i.UsageFault_Handler)
    __ARM_fpclassify                         0x08003f51   Thumb Code    48  fpclassify.o(i.__ARM_fpclassify)
    _is_digit                                0x08003fb9   Thumb Code    14  __printf_wp.o(i._is_digit)
    adc_lcd                                  0x08003fc9   Thumb Code    84  user.o(i.adc_lcd)
    main                                     0x0800405d   Thumb Code   108  main.o(i.main)
    _get_lc_numeric                          0x080040d9   Thumb Code    44  lc_numeric_c.o(locale$$code)
    __aeabi_ddiv                             0x08004105   Thumb Code     0  ddiv.o(x$fpl$ddiv)
    _ddiv                                    0x08004105   Thumb Code   552  ddiv.o(x$fpl$ddiv)
    __aeabi_ui2d                             0x080043b5   Thumb Code     0  dflt_clz.o(x$fpl$dfltu)
    _dfltu                                   0x080043b5   Thumb Code    38  dflt_clz.o(x$fpl$dfltu)
    __aeabi_dmul                             0x080043dd   Thumb Code     0  dmul.o(x$fpl$dmul)
    _dmul                                    0x080043dd   Thumb Code   332  dmul.o(x$fpl$dmul)
    __fpl_dnaninf                            0x08004531   Thumb Code   156  dnaninf.o(x$fpl$dnaninf)
    __fpl_dretinf                            0x080045cd   Thumb Code    12  dretinf.o(x$fpl$dretinf)
    _fp_init                                 0x080045d9   Thumb Code    10  fpinit.o(x$fpl$fpinit)
    __fplib_config_fpu_vfp                   0x080045e1   Thumb Code     0  fpinit.o(x$fpl$fpinit)
    __fplib_config_pureend_doubles           0x080045e1   Thumb Code     0  fpinit.o(x$fpl$fpinit)
    _printf_fp_dec                           0x080045e3   Thumb Code     4  printf1.o(x$fpl$printf1)
    ASCII_Table                              0x080045e6   Data        4560  lcd.o(.constdata)
    __I$use$fp                               0x080045e6   Number         0  usenofp.o(x$fpl$usenofp)
    AHBPrescTable                            0x080057b6   Data          16  system_stm32g4xx.o(.constdata)
    APBPrescTable                            0x080057c6   Data           8  system_stm32g4xx.o(.constdata)
    Region$$Table$$Base                      0x08005864   Number         0  anon$$obj.o(Region$$Table)
    Region$$Table$$Limit                     0x08005884   Number         0  anon$$obj.o(Region$$Table)
    dummy                                    0x20000008   Data           2  lcd.o(.data)
    uwTick                                   0x2000000c   Data           4  stm32g4xx_hal.o(.data)
    uwTickPrio                               0x20000010   Data           4  stm32g4xx_hal.o(.data)
    uwTickFreq                               0x20000014   Data           4  stm32g4xx_hal.o(.data)
    SystemCoreClock                          0x20000018   Data           4  system_stm32g4xx.o(.data)
    hadc1                                    0x2000001c   Data         108  adc.o(.bss)
    hadc2                                    0x20000088   Data         108  adc.o(.bss)
    hdma_adc1                                0x200000f4   Data          96  adc.o(.bss)
    hdma_adc2                                0x20000154   Data          96  adc.o(.bss)
    adc2value                                0x200001b4   Data          60  user.o(.bss)
    linestring                               0x200001f0   Data          20  user.o(.bss)
    __libspace_start                         0x20000204   Data          96  libspace.o(.bss)
    __temporary_stack_top$libspace           0x20000264   Data           0  libspace.o(.bss)



==============================================================================

Memory Map of the image

  Image Entry point : 0x080001d9

  Load Region LR_IROM1 (Base: 0x08000000, Size: 0x000058bc, Max: 0x00020000, ABSOLUTE)

    Execution Region ER_IROM1 (Exec base: 0x08000000, Load base: 0x08000000, Size: 0x000058a0, Max: 0x00020000, ABSOLUTE)

    Exec Addr    Load Addr    Size         Type   Attr      Idx    E Section Name        Object

    0x08000000   0x08000000   0x000001d8   Data   RO            3    RESET               startup_stm32g431xx.o
    0x080001d8   0x080001d8   0x00000008   Code   RO         2758  * !!!main             c_w.l(__main.o)
    0x080001e0   0x080001e0   0x00000034   Code   RO         2986    !!!scatter          c_w.l(__scatter.o)
    0x08000214   0x08000214   0x0000001a   Code   RO         2988    !!handler_copy      c_w.l(__scatter_copy.o)
    0x0800022e   0x0800022e   0x00000002   PAD
    0x08000230   0x08000230   0x0000001c   Code   RO         2990    !!handler_zi        c_w.l(__scatter_zi.o)
    0x0800024c   0x0800024c   0x00000000   Code   RO         2753    .ARM.Collect$$_printf_percent$$00000000  c_w.l(_printf_percent.o)
    0x0800024c   0x0800024c   0x00000006   Code   RO         2752    .ARM.Collect$$_printf_percent$$00000003  c_w.l(_printf_f.o)
    0x08000252   0x08000252   0x00000004   Code   RO         2781    .ARM.Collect$$_printf_percent$$00000017  c_w.l(_printf_percent_end.o)
    0x08000256   0x08000256   0x00000002   Code   RO         2859    .ARM.Collect$$libinit$$00000000  c_w.l(libinit.o)
    0x08000258   0x08000258   0x00000004   Code   RO         2860    .ARM.Collect$$libinit$$00000001  c_w.l(libinit2.o)
    0x0800025c   0x0800025c   0x00000000   Code   RO         2863    .ARM.Collect$$libinit$$00000004  c_w.l(libinit2.o)
    0x0800025c   0x0800025c   0x00000000   Code   RO         2866    .ARM.Collect$$libinit$$0000000A  c_w.l(libinit2.o)
    0x0800025c   0x0800025c   0x00000000   Code   RO         2868    .ARM.Collect$$libinit$$0000000C  c_w.l(libinit2.o)
    0x0800025c   0x0800025c   0x00000000   Code   RO         2870    .ARM.Collect$$libinit$$0000000E  c_w.l(libinit2.o)
    0x0800025c   0x0800025c   0x00000006   Code   RO         2871    .ARM.Collect$$libinit$$0000000F  c_w.l(libinit2.o)
    0x08000262   0x08000262   0x00000000   Code   RO         2873    .ARM.Collect$$libinit$$00000011  c_w.l(libinit2.o)
    0x08000262   0x08000262   0x00000000   Code   RO         2875    .ARM.Collect$$libinit$$00000013  c_w.l(libinit2.o)
    0x08000262   0x08000262   0x00000000   Code   RO         2877    .ARM.Collect$$libinit$$00000015  c_w.l(libinit2.o)
    0x08000262   0x08000262   0x0000000a   Code   RO         2878    .ARM.Collect$$libinit$$00000016  c_w.l(libinit2.o)
    0x0800026c   0x0800026c   0x00000000   Code   RO         2879    .ARM.Collect$$libinit$$00000017  c_w.l(libinit2.o)
    0x0800026c   0x0800026c   0x00000000   Code   RO         2881    .ARM.Collect$$libinit$$00000019  c_w.l(libinit2.o)
    0x0800026c   0x0800026c   0x00000000   Code   RO         2883    .ARM.Collect$$libinit$$0000001B  c_w.l(libinit2.o)
    0x0800026c   0x0800026c   0x00000000   Code   RO         2885    .ARM.Collect$$libinit$$0000001D  c_w.l(libinit2.o)
    0x0800026c   0x0800026c   0x00000000   Code   RO         2887    .ARM.Collect$$libinit$$0000001F  c_w.l(libinit2.o)
    0x0800026c   0x0800026c   0x00000000   Code   RO         2889    .ARM.Collect$$libinit$$00000021  c_w.l(libinit2.o)
    0x0800026c   0x0800026c   0x00000000   Code   RO         2891    .ARM.Collect$$libinit$$00000023  c_w.l(libinit2.o)
    0x0800026c   0x0800026c   0x00000000   Code   RO         2893    .ARM.Collect$$libinit$$00000025  c_w.l(libinit2.o)
    0x0800026c   0x0800026c   0x00000000   Code   RO         2897    .ARM.Collect$$libinit$$0000002C  c_w.l(libinit2.o)
    0x0800026c   0x0800026c   0x00000000   Code   RO         2899    .ARM.Collect$$libinit$$0000002E  c_w.l(libinit2.o)
    0x0800026c   0x0800026c   0x00000000   Code   RO         2901    .ARM.Collect$$libinit$$00000030  c_w.l(libinit2.o)
    0x0800026c   0x0800026c   0x00000000   Code   RO         2903    .ARM.Collect$$libinit$$00000032  c_w.l(libinit2.o)
    0x0800026c   0x0800026c   0x00000002   Code   RO         2904    .ARM.Collect$$libinit$$00000033  c_w.l(libinit2.o)
    0x0800026e   0x0800026e   0x00000002   Code   RO         2934    .ARM.Collect$$libshutdown$$00000000  c_w.l(libshutdown.o)
    0x08000270   0x08000270   0x00000000   Code   RO         2945    .ARM.Collect$$libshutdown$$00000002  c_w.l(libshutdown2.o)
    0x08000270   0x08000270   0x00000000   Code   RO         2947    .ARM.Collect$$libshutdown$$00000004  c_w.l(libshutdown2.o)
    0x08000270   0x08000270   0x00000000   Code   RO         2950    .ARM.Collect$$libshutdown$$00000007  c_w.l(libshutdown2.o)
    0x08000270   0x08000270   0x00000000   Code   RO         2953    .ARM.Collect$$libshutdown$$0000000A  c_w.l(libshutdown2.o)
    0x08000270   0x08000270   0x00000000   Code   RO         2955    .ARM.Collect$$libshutdown$$0000000C  c_w.l(libshutdown2.o)
    0x08000270   0x08000270   0x00000000   Code   RO         2958    .ARM.Collect$$libshutdown$$0000000F  c_w.l(libshutdown2.o)
    0x08000270   0x08000270   0x00000002   Code   RO         2959    .ARM.Collect$$libshutdown$$00000010  c_w.l(libshutdown2.o)
    0x08000272   0x08000272   0x00000000   Code   RO         2774    .ARM.Collect$$rtentry$$00000000  c_w.l(__rtentry.o)
    0x08000272   0x08000272   0x00000000   Code   RO         2788    .ARM.Collect$$rtentry$$00000002  c_w.l(__rtentry2.o)
    0x08000272   0x08000272   0x00000006   Code   RO         2800    .ARM.Collect$$rtentry$$00000004  c_w.l(__rtentry4.o)
    0x08000278   0x08000278   0x00000000   Code   RO         2790    .ARM.Collect$$rtentry$$00000009  c_w.l(__rtentry2.o)
    0x08000278   0x08000278   0x00000004   Code   RO         2791    .ARM.Collect$$rtentry$$0000000A  c_w.l(__rtentry2.o)
    0x0800027c   0x0800027c   0x00000000   Code   RO         2793    .ARM.Collect$$rtentry$$0000000C  c_w.l(__rtentry2.o)
    0x0800027c   0x0800027c   0x00000008   Code   RO         2794    .ARM.Collect$$rtentry$$0000000D  c_w.l(__rtentry2.o)
    0x08000284   0x08000284   0x00000002   Code   RO         2905    .ARM.Collect$$rtexit$$00000000  c_w.l(rtexit.o)
    0x08000286   0x08000286   0x00000000   Code   RO         2912    .ARM.Collect$$rtexit$$00000002  c_w.l(rtexit2.o)
    0x08000286   0x08000286   0x00000004   Code   RO         2913    .ARM.Collect$$rtexit$$00000003  c_w.l(rtexit2.o)
    0x0800028a   0x0800028a   0x00000006   Code   RO         2914    .ARM.Collect$$rtexit$$00000004  c_w.l(rtexit2.o)
    0x08000290   0x08000290   0x00000040   Code   RO            4    .text               startup_stm32g431xx.o
    0x080002d0   0x080002d0   0x00000028   Code   RO         2728    .text               c_w.l(noretval__2sprintf.o)
    0x080002f8   0x080002f8   0x0000010e   Code   RO         2740    .text               c_w.l(__printf_wp.o)
    0x08000406   0x08000406   0x0000004e   Code   RO         2754    .text               c_w.l(rt_memclr_w.o)
    0x08000454   0x08000454   0x00000006   Code   RO         2756    .text               c_w.l(heapauxi.o)
    0x0800045a   0x0800045a   0x0000041e   Code   RO         2775    .text               c_w.l(_printf_fp_dec.o)
    0x08000878   0x08000878   0x00000030   Code   RO         2777    .text               c_w.l(_printf_char_common.o)
    0x080008a8   0x080008a8   0x0000000a   Code   RO         2779    .text               c_w.l(_sputc.o)
    0x080008b2   0x080008b2   0x00000002   PAD
    0x080008b4   0x080008b4   0x00000008   Code   RO         2805    .text               c_w.l(rt_locale_intlibspace.o)
    0x080008bc   0x080008bc   0x0000008a   Code   RO         2807    .text               c_w.l(lludiv10.o)
    0x08000946   0x08000946   0x00000002   PAD
    0x08000948   0x08000948   0x00000080   Code   RO         2809    .text               c_w.l(_printf_fp_infnan.o)
    0x080009c8   0x080009c8   0x000000e4   Code   RO         2813    .text               c_w.l(bigflt0.o)
    0x08000aac   0x08000aac   0x00000008   Code   RO         2845    .text               c_w.l(libspace.o)
    0x08000ab4   0x08000ab4   0x0000004a   Code   RO         2848    .text               c_w.l(sys_stackheap_outer.o)
    0x08000afe   0x08000afe   0x00000012   Code   RO         2850    .text               c_w.l(exit.o)
    0x08000b10   0x08000b10   0x00000080   Code   RO         2852    .text               c_w.l(strcmpv7m.o)
    0x08000b90   0x08000b90   0x0000000c   Code   RO         2924    .text               c_w.l(sys_exit.o)
    0x08000b9c   0x08000b9c   0x00000002   Code   RO         2935    .text               c_w.l(use_no_semi.o)
    0x08000b9e   0x08000b9e   0x00000000   Code   RO         2937    .text               c_w.l(indicate_semi.o)
    0x08000b9e   0x08000b9e   0x0000003e   Code   RO         2816    CL$$btod_d2e        c_w.l(btod.o)
    0x08000bdc   0x08000bdc   0x00000046   Code   RO         2818    CL$$btod_d2e_denorm_low  c_w.l(btod.o)
    0x08000c22   0x08000c22   0x00000060   Code   RO         2817    CL$$btod_d2e_norm_op1  c_w.l(btod.o)
    0x08000c82   0x08000c82   0x00000338   Code   RO         2826    CL$$btod_div_common  c_w.l(btod.o)
    0x08000fba   0x08000fba   0x000000dc   Code   RO         2823    CL$$btod_e2e        c_w.l(btod.o)
    0x08001096   0x08001096   0x0000002a   Code   RO         2820    CL$$btod_ediv       c_w.l(btod.o)
    0x080010c0   0x080010c0   0x0000002a   Code   RO         2819    CL$$btod_emul       c_w.l(btod.o)
    0x080010ea   0x080010ea   0x00000244   Code   RO         2825    CL$$btod_mult_common  c_w.l(btod.o)
    0x0800132e   0x0800132e   0x00000092   Code   RO          603    i.ADC_DMAConvCplt   stm32g4xx_hal_adc.o
    0x080013c0   0x080013c0   0x0000001e   Code   RO          604    i.ADC_DMAError      stm32g4xx_hal_adc.o
    0x080013de   0x080013de   0x0000000e   Code   RO          605    i.ADC_DMAHalfConvCplt  stm32g4xx_hal_adc.o
    0x080013ec   0x080013ec   0x00000088   Code   RO          606    i.ADC_Disable       stm32g4xx_hal_adc.o
    0x08001474   0x08001474   0x00000078   Code   RO          607    i.ADC_Enable        stm32g4xx_hal_adc.o
    0x080014ec   0x080014ec   0x00000004   Code   RO          261    i.BusFault_Handler  stm32g4xx_it.o
    0x080014f0   0x080014f0   0x00000044   Code   RO         2007    i.DMA_CalcDMAMUXChannelBaseAndMask  stm32g4xx_hal_dma.o
    0x08001534   0x08001534   0x00000024   Code   RO         2008    i.DMA_CalcDMAMUXRequestGenBaseAndMask  stm32g4xx_hal_dma.o
    0x08001558   0x08001558   0x00000040   Code   RO         2009    i.DMA_SetConfig     stm32g4xx_hal_dma.o
    0x08001598   0x08001598   0x00000002   Code   RO          262    i.DebugMon_Handler  stm32g4xx_it.o
    0x0800159a   0x0800159a   0x0000001e   Code   RO          391    i.Delay_LCD         lcd.o
    0x080015b8   0x080015b8   0x00000006   Code   RO           13    i.Error_Handler     main.o
    0x080015be   0x080015be   0x00000002   PAD
    0x080015c0   0x080015c0   0x000000b0   Code   RO          880    i.HAL_ADCEx_Calibration_Start  stm32g4xx_hal_adc_ex.o
    0x08001670   0x08001670   0x00000108   Code   RO          897    i.HAL_ADCEx_MultiModeConfigChannel  stm32g4xx_hal_adc_ex.o
    0x08001778   0x08001778   0x00000508   Code   RO          609    i.HAL_ADC_ConfigChannel  stm32g4xx_hal_adc.o
    0x08001c80   0x08001c80   0x00000002   Code   RO          610    i.HAL_ADC_ConvCpltCallback  stm32g4xx_hal_adc.o
    0x08001c82   0x08001c82   0x00000002   Code   RO          611    i.HAL_ADC_ConvHalfCpltCallback  stm32g4xx_hal_adc.o
    0x08001c84   0x08001c84   0x00000002   Code   RO          613    i.HAL_ADC_ErrorCallback  stm32g4xx_hal_adc.o
    0x08001c86   0x08001c86   0x00000002   PAD
    0x08001c88   0x08001c88   0x00000264   Code   RO          618    i.HAL_ADC_Init      stm32g4xx_hal_adc.o
    0x08001eec   0x08001eec   0x000001a4   Code   RO          189    i.HAL_ADC_MspInit   adc.o
    0x08002090   0x08002090   0x00000114   Code   RO          626    i.HAL_ADC_Start_DMA  stm32g4xx_hal_adc.o
    0x080021a4   0x080021a4   0x000000d0   Code   RO         2016    i.HAL_DMA_Init      stm32g4xx_hal_dma.o
    0x08002274   0x08002274   0x000000c2   Code   RO         2020    i.HAL_DMA_Start_IT  stm32g4xx_hal_dma.o
    0x08002336   0x08002336   0x00000002   PAD
    0x08002338   0x08002338   0x00000028   Code   RO         1121    i.HAL_Delay         stm32g4xx_hal.o
    0x08002360   0x08002360   0x000001d8   Code   RO         1872    i.HAL_GPIO_Init     stm32g4xx_hal_gpio.o
    0x08002538   0x08002538   0x0000000c   Code   RO         1125    i.HAL_GetTick       stm32g4xx_hal.o
    0x08002544   0x08002544   0x00000018   Code   RO         1128    i.HAL_IncTick       stm32g4xx_hal.o
    0x0800255c   0x0800255c   0x0000001e   Code   RO         1129    i.HAL_Init          stm32g4xx_hal.o
    0x0800257a   0x0800257a   0x00000002   PAD
    0x0800257c   0x0800257c   0x00000058   Code   RO         1130    i.HAL_InitTick      stm32g4xx_hal.o
    0x080025d4   0x080025d4   0x00000044   Code   RO          336    i.HAL_MspInit       stm32g4xx_hal_msp.o
    0x08002618   0x08002618   0x0000007a   Code   RO         2525    i.HAL_NVIC_SetPriority  stm32g4xx_hal_cortex.o
    0x08002692   0x08002692   0x00000002   PAD
    0x08002694   0x08002694   0x00000028   Code   RO         2526    i.HAL_NVIC_SetPriorityGrouping  stm32g4xx_hal_cortex.o
    0x080026bc   0x080026bc   0x00000118   Code   RO         2275    i.HAL_PWREx_ControlVoltageScaling  stm32g4xx_hal_pwr_ex.o
    0x080027d4   0x080027d4   0x00000014   Code   RO         2287    i.HAL_PWREx_DisableUCPDDeadBattery  stm32g4xx_hal_pwr_ex.o
    0x080027e8   0x080027e8   0x00000370   Code   RO         1479    i.HAL_RCCEx_PeriphCLKConfig  stm32g4xx_hal_rcc_ex.o
    0x08002b58   0x08002b58   0x00000224   Code   RO         1349    i.HAL_RCC_ClockConfig  stm32g4xx_hal_rcc.o
    0x08002d7c   0x08002d7c   0x00000098   Code   RO         1359    i.HAL_RCC_GetSysClockFreq  stm32g4xx_hal_rcc.o
    0x08002e14   0x08002e14   0x00000568   Code   RO         1362    i.HAL_RCC_OscConfig  stm32g4xx_hal_rcc.o
    0x0800337c   0x0800337c   0x00000034   Code   RO         2530    i.HAL_SYSTICK_Config  stm32g4xx_hal_cortex.o
    0x080033b0   0x080033b0   0x00000004   Code   RO          263    i.HardFault_Handler  stm32g4xx_it.o
    0x080033b4   0x080033b4   0x00000030   Code   RO          392    i.LCD_BusIn         lcd.o
    0x080033e4   0x080033e4   0x00000030   Code   RO          393    i.LCD_BusOut        lcd.o
    0x08003414   0x08003414   0x00000026   Code   RO          394    i.LCD_Clear         lcd.o
    0x0800343a   0x0800343a   0x00000002   PAD
    0x0800343c   0x0800343c   0x000000c0   Code   RO          396    i.LCD_CtrlLinesConfig  lcd.o
    0x080034fc   0x080034fc   0x00000028   Code   RO          397    i.LCD_DisplayChar   lcd.o
    0x08003524   0x08003524   0x0000002c   Code   RO          400    i.LCD_DisplayStringLine  lcd.o
    0x08003550   0x08003550   0x0000006c   Code   RO          401    i.LCD_DrawChar      lcd.o
    0x080035bc   0x080035bc   0x00000038   Code   RO          407    i.LCD_Init          lcd.o
    0x080035f4   0x080035f4   0x000000ac   Code   RO          410    i.LCD_ReadReg       lcd.o
    0x080036a0   0x080036a0   0x00000010   Code   RO          411    i.LCD_SetBackColor  lcd.o
    0x080036b0   0x080036b0   0x00000018   Code   RO          412    i.LCD_SetCursor     lcd.o
    0x080036c8   0x080036c8   0x00000010   Code   RO          414    i.LCD_SetTextColor  lcd.o
    0x080036d8   0x080036d8   0x00000080   Code   RO          417    i.LCD_WriteRAM      lcd.o
    0x08003758   0x08003758   0x00000084   Code   RO          418    i.LCD_WriteRAM_Prepare  lcd.o
    0x080037dc   0x080037dc   0x0000009c   Code   RO          419    i.LCD_WriteReg      lcd.o
    0x08003878   0x08003878   0x00000010   Code   RO          632    i.LL_ADC_Enable     stm32g4xx_hal_adc.o
    0x08003888   0x08003888   0x0000000a   Code   RO          633    i.LL_ADC_GetMultimode  stm32g4xx_hal_adc.o
    0x08003892   0x08003892   0x00000012   Code   RO          634    i.LL_ADC_GetOffsetChannel  stm32g4xx_hal_adc.o
    0x080038a4   0x080038a4   0x0000000a   Code   RO          635    i.LL_ADC_INJ_IsConversionOngoing  stm32g4xx_hal_adc.o
    0x080038ae   0x080038ae   0x0000000a   Code   RO          636    i.LL_ADC_IsDisableOngoing  stm32g4xx_hal_adc.o
    0x080038b8   0x080038b8   0x0000000a   Code   RO          637    i.LL_ADC_IsEnabled  stm32g4xx_hal_adc.o
    0x080038c2   0x080038c2   0x0000000a   Code   RO          909    i.LL_ADC_IsEnabled  stm32g4xx_hal_adc_ex.o
    0x080038cc   0x080038cc   0x0000000a   Code   RO          638    i.LL_ADC_IsInternalRegulatorEnabled  stm32g4xx_hal_adc.o
    0x080038d6   0x080038d6   0x0000000a   Code   RO          639    i.LL_ADC_REG_IsConversionOngoing  stm32g4xx_hal_adc.o
    0x080038e0   0x080038e0   0x0000000a   Code   RO          910    i.LL_ADC_REG_IsConversionOngoing  stm32g4xx_hal_adc_ex.o
    0x080038ea   0x080038ea   0x00000012   Code   RO          640    i.LL_ADC_REG_IsTriggerSourceSWStart  stm32g4xx_hal_adc.o
    0x080038fc   0x080038fc   0x00000010   Code   RO          641    i.LL_ADC_REG_StartConversion  stm32g4xx_hal_adc.o
    0x0800390c   0x0800390c   0x00000028   Code   RO          643    i.LL_ADC_SetChannelSamplingTime  stm32g4xx_hal_adc.o
    0x08003934   0x08003934   0x0000000c   Code   RO          644    i.LL_ADC_SetCommonPathInternalCh  stm32g4xx_hal_adc.o
    0x08003940   0x08003940   0x00000016   Code   RO          645    i.LL_ADC_SetOffsetState  stm32g4xx_hal_adc.o
    0x08003956   0x08003956   0x0000000c   Code   RO          646    i.LL_ADC_SetSamplingTimeCommonConfig  stm32g4xx_hal_adc.o
    0x08003962   0x08003962   0x00000002   PAD
    0x08003964   0x08003964   0x000000a4   Code   RO          190    i.MX_ADC1_Init      adc.o
    0x08003a08   0x08003a08   0x00000088   Code   RO          191    i.MX_ADC2_Init      adc.o
    0x08003a90   0x08003a90   0x00000040   Code   RO          237    i.MX_DMA_Init       dma.o
    0x08003ad0   0x08003ad0   0x00000058   Code   RO          164    i.MX_GPIO_Init      gpio.o
    0x08003b28   0x08003b28   0x00000004   Code   RO          264    i.MemManage_Handler  stm32g4xx_it.o
    0x08003b2c   0x08003b2c   0x00000004   Code   RO          265    i.NMI_Handler       stm32g4xx_it.o
    0x08003b30   0x08003b30   0x00000002   Code   RO          266    i.PendSV_Handler    stm32g4xx_it.o
    0x08003b32   0x08003b32   0x00000002   PAD
    0x08003b34   0x08003b34   0x00000068   Code   RO         1363    i.RCC_GetSysClockFreqFromPLLSource  stm32g4xx_hal_rcc.o
    0x08003b9c   0x08003b9c   0x00000120   Code   RO          420    i.REG_8230_Init     lcd.o
    0x08003cbc   0x08003cbc   0x00000200   Code   RO          421    i.REG_932X_Init     lcd.o
    0x08003ebc   0x08003ebc   0x00000002   Code   RO          267    i.SVC_Handler       stm32g4xx_it.o
    0x08003ebe   0x08003ebe   0x00000008   Code   RO          268    i.SysTick_Handler   stm32g4xx_it.o
    0x08003ec6   0x08003ec6   0x00000068   Code   RO           14    i.SystemClock_Config  main.o
    0x08003f2e   0x08003f2e   0x00000002   PAD
    0x08003f30   0x08003f30   0x0000001c   Code   RO         2691    i.SystemInit        system_stm32g4xx.o
    0x08003f4c   0x08003f4c   0x00000004   Code   RO          269    i.UsageFault_Handler  stm32g4xx_it.o
    0x08003f50   0x08003f50   0x00000030   Code   RO         2843    i.__ARM_fpclassify  m_wm.l(fpclassify.o)
    0x08003f80   0x08003f80   0x00000010   Code   RO         2532    i.__NVIC_GetPriorityGrouping  stm32g4xx_hal_cortex.o
    0x08003f90   0x08003f90   0x00000028   Code   RO         2533    i.__NVIC_SetPriority  stm32g4xx_hal_cortex.o
    0x08003fb8   0x08003fb8   0x0000000e   Code   RO         2742    i._is_digit         c_w.l(__printf_wp.o)
    0x08003fc6   0x08003fc6   0x00000002   PAD
    0x08003fc8   0x08003fc8   0x00000094   Code   RO          360    i.adc_lcd           user.o
    0x0800405c   0x0800405c   0x0000007c   Code   RO           15    i.main              main.o
    0x080040d8   0x080040d8   0x0000002c   Code   RO         2839    locale$$code        c_w.l(lc_numeric_c.o)
    0x08004104   0x08004104   0x000002b0   Code   RO         2761    x$fpl$ddiv          fz_wm.l(ddiv.o)
    0x080043b4   0x080043b4   0x00000026   Code   RO         2764    x$fpl$dfltu         fz_wm.l(dflt_clz.o)
    0x080043da   0x080043da   0x00000002   PAD
    0x080043dc   0x080043dc   0x00000154   Code   RO         2770    x$fpl$dmul          fz_wm.l(dmul.o)
    0x08004530   0x08004530   0x0000009c   Code   RO         2782    x$fpl$dnaninf       fz_wm.l(dnaninf.o)
    0x080045cc   0x080045cc   0x0000000c   Code   RO         2784    x$fpl$dretinf       fz_wm.l(dretinf.o)
    0x080045d8   0x080045d8   0x0000000a   Code   RO         2909    x$fpl$fpinit        fz_wm.l(fpinit.o)
    0x080045e2   0x080045e2   0x00000004   Code   RO         2772    x$fpl$printf1       fz_wm.l(printf1.o)
    0x080045e6   0x080045e6   0x00000000   Code   RO         2786    x$fpl$usenofp       fz_wm.l(usenofp.o)
    0x080045e6   0x080045e6   0x000011d0   Data   RO          422    .constdata          lcd.o
    0x080057b6   0x080057b6   0x00000018   Data   RO         2692    .constdata          system_stm32g4xx.o
    0x080057ce   0x080057ce   0x00000002   PAD
    0x080057d0   0x080057d0   0x00000094   Data   RO         2814    .constdata          c_w.l(bigflt0.o)
    0x08005864   0x08005864   0x00000020   Data   RO         2984    Region$$Table       anon$$obj.o
    0x08005884   0x08005884   0x0000001c   Data   RO         2838    locale$$data        c_w.l(lc_numeric_c.o)


    Execution Region RW_IRAM1 (Exec base: 0x20000000, Load base: 0x080058a0, Size: 0x00000868, Max: 0x00008000, ABSOLUTE)

    Exec Addr    Load Addr    Size         Type   Attr      Idx    E Section Name        Object

    0x20000000   0x080058a0   0x00000004   Data   RW          193    .data               adc.o
    0x20000004   0x080058a4   0x00000006   Data   RW          423    .data               lcd.o
    0x2000000a   0x080058aa   0x00000002   PAD
    0x2000000c   0x080058ac   0x0000000c   Data   RW         1149    .data               stm32g4xx_hal.o
    0x20000018   0x080058b8   0x00000004   Data   RW         2693    .data               system_stm32g4xx.o
    0x2000001c        -       0x00000198   Zero   RW          192    .bss                adc.o
    0x200001b4        -       0x00000050   Zero   RW          361    .bss                user.o
    0x20000204        -       0x00000060   Zero   RW         2846    .bss                c_w.l(libspace.o)
    0x20000264   0x080058bc   0x00000004   PAD
    0x20000268        -       0x00000200   Zero   RW            2    HEAP                startup_stm32g431xx.o
    0x20000468        -       0x00000400   Zero   RW            1    STACK               startup_stm32g431xx.o


==============================================================================

Image component sizes


      Code (inc. data)   RO Data    RW Data    ZI Data      Debug   Object Name

       720         50          0          4        408       2830   adc.o
        64          6          0          0          0        778   dma.o
        88          4          0          0          0        823   gpio.o
      2048         84       4560          6          0      11308   lcd.o
       234         16          0          0          0     593452   main.o
        64         26        472          0       1536        840   startup_stm32g431xx.o
       194         32          0         12          0       4281   stm32g4xx_hal.o
      2842        120          0          0          0      83643   stm32g4xx_hal_adc.o
       460         20          0          0          0      68917   stm32g4xx_hal_adc_ex.o
       270         22          0          0          0      33610   stm32g4xx_hal_cortex.o
       570         22          0          0          0       4042   stm32g4xx_hal_dma.o
       472         34          0          0          0       1600   stm32g4xx_hal_gpio.o
        68          6          0          0          0        846   stm32g4xx_hal_msp.o
       300         18          0          0          0       1397   stm32g4xx_hal_pwr_ex.o
      2188         82          0          0          0       5204   stm32g4xx_hal_rcc.o
       880          8          0          0          0       1864   stm32g4xx_hal_rcc_ex.o
        34          0          0          0          0       4166   stm32g4xx_it.o
        28          4         24          4          0       1143   system_stm32g4xx.o
       148         64          0          0         80       1109   user.o

    ----------------------------------------------------------------------
     11690        618       5090         28       2024     821853   Object Totals
         0          0         32          0          0          0   (incl. Generated)
        18          0          2          2          0          0   (incl. Padding)

    ----------------------------------------------------------------------

      Code (inc. data)   RO Data    RW Data    ZI Data      Debug   Library Member Name

         8          0          0          0          0         68   __main.o
       284          0          0          0          0        156   __printf_wp.o
         0          0          0          0          0          0   __rtentry.o
        12          0          0          0          0          0   __rtentry2.o
         6          0          0          0          0          0   __rtentry4.o
        52          8          0          0          0          0   __scatter.o
        26          0          0          0          0          0   __scatter_copy.o
        28          0          0          0          0          0   __scatter_zi.o
        48          6          0          0          0         96   _printf_char_common.o
         6          0          0          0          0          0   _printf_f.o
      1054          0          0          0          0        216   _printf_fp_dec.o
       128         16          0          0          0         84   _printf_fp_infnan.o
         0          0          0          0          0          0   _printf_percent.o
         4          0          0          0          0          0   _printf_percent_end.o
        10          0          0          0          0         68   _sputc.o
       228          4        148          0          0         96   bigflt0.o
      1936        128          0          0          0        672   btod.o
        18          0          0          0          0         80   exit.o
         6          0          0          0          0        152   heapauxi.o
         0          0          0          0          0          0   indicate_semi.o
        44         10         28          0          0         76   lc_numeric_c.o
         2          0          0          0          0          0   libinit.o
        22          0          0          0          0          0   libinit2.o
         2          0          0          0          0          0   libshutdown.o
         2          0          0          0          0          0   libshutdown2.o
         8          4          0          0         96         68   libspace.o
       138          0          0          0          0         80   lludiv10.o
        40          6          0          0          0         84   noretval__2sprintf.o
         8          4          0          0          0         68   rt_locale_intlibspace.o
        78          0          0          0          0         80   rt_memclr_w.o
         2          0          0          0          0          0   rtexit.o
        10          0          0          0          0          0   rtexit2.o
       128          0          0          0          0         68   strcmpv7m.o
        12          4          0          0          0         68   sys_exit.o
        74          0          0          0          0         80   sys_stackheap_outer.o
         2          0          0          0          0         68   use_no_semi.o
       688        140          0          0          0        256   ddiv.o
        38          0          0          0          0        116   dflt_clz.o
       340         12          0          0          0        152   dmul.o
       156          4          0          0          0        140   dnaninf.o
        12          0          0          0          0        116   dretinf.o
        10          0          0          0          0        116   fpinit.o
         4          0          0          0          0        116   printf1.o
         0          0          0          0          0          0   usenofp.o
        48          0          0          0          0        124   fpclassify.o

    ----------------------------------------------------------------------
      5732        346        176          0        100       3564   Library Totals
        10          0          0          0          4          0   (incl. Padding)

    ----------------------------------------------------------------------

      Code (inc. data)   RO Data    RW Data    ZI Data      Debug   Library Name

      4426        190        176          0         96       2428   c_w.l
      1248        156          0          0          0       1012   fz_wm.l
        48          0          0          0          0        124   m_wm.l

    ----------------------------------------------------------------------
      5732        346        176          0        100       3564   Library Totals

    ----------------------------------------------------------------------

==============================================================================


      Code (inc. data)   RO Data    RW Data    ZI Data      Debug   

     17422        964       5266         28       2124     815017   Grand Totals
     17422        964       5266         28       2124     815017   ELF Image Totals
     17422        964       5266         28          0          0   ROM Totals

==============================================================================

    Total RO  Size (Code + RO Data)                22688 (  22.16kB)
    Total RW  Size (RW Data + ZI Data)              2152 (   2.10kB)
    Total ROM Size (Code + RO Data + RW Data)      22716 (  22.18kB)

==============================================================================

